Microchip MPLAB XC8 Compiler V1.12 ()

Linker command line:

--edf=/opt/microchip/xc8/v1.12/dat/en_msgs.txt -cs \
  -h+dist/default/production/LED_Blink_PIC12.X.production.sym -z -Q12F675 \
  -ol.obj -Mdist/default/production/LED_Blink_PIC12.X.production.map -E1 \
  -ver=XC8 -ACONST=00h-0FFhx3,0300h-03FEh -ACODE=00h-03FEh \
  -ASTRCODE=00h-03FEh -AENTRY=00h-0FFhx3,0300h-03FEh \
  -ASTRING=00h-0FFhx3,0300h-03FEh -ABANK0=020h-05Dh -ARAM=020h-05Dh \
  -AABS1=020h-05Fh -ACOMMON=05Eh-05Fh -ASFR0=00h-01Fh -ASFR1=080h-0DDh \
  -preset_vec=00h,intentry,init,end_init -ppowerup=CODE -pfunctab=CODE \
  -ACONFIG=02007h-02007h -pconfig=CONFIG -DCONFIG=2 -AIDLOC=02000h-02003h \
  -pidloc=IDLOC -DIDLOC=2 -AEEDATA=00h-07Fh/02100h -peeprom_data=EEDATA \
  -DEEDATA=2 -posccal=03FFh -DCODE=2 -DSTRCODE=2 -DSTRING=2 -DCONST=2 \
  -DENTRY=2 -k /tmp/cgtAZ1EBn.obj \
  dist/default/production/LED_Blink_PIC12.X.production.obj 

Object code version is 3.10

Machine type is 12F675



                Name                               Link     Load   Length Selector   Space Scale
/tmp/cgtAZ1EBn.obj
                end_init                              0        0        5        0       0
                config                             2007     2007        1     400E       0
dist/default/production/LED_Blink_PIC12.X.production.obj
                cstackBANK0                          20       20        4       20       1
                cinit                               3E8      3E8        2      7D0       0
                maintext                            3EA      3EA       15      7D4       0

TOTAL           Name                               Link     Load   Length     Space
        CLASS   CONST          

        CLASS   CODE           
                end_init                              0        0        5         0
                cinit                               3E8      3E8        2         0
                maintext                            3EA      3EA       15         0

        CLASS   STRCODE        

        CLASS   ENTRY          

        CLASS   STRING         

        CLASS   BANK0          
                cstackBANK0                          20       20        4         1

        CLASS   RAM            

        CLASS   ABS1           
                abs_s1                               5E       5E        2         1

        CLASS   COMMON         

        CLASS   SFR0           

        CLASS   SFR1           

        CLASS   CONFIG         
                config                             2007     2007        1         0

        CLASS   IDLOC          

        CLASS   EEDATA         

        CLASS   BANK1          



SEGMENTS        Name                           Load    Length   Top    Selector   Space  Class     Delta

                reset_vec                      000000  000005  000005         0       0  CODE        2
                cstackBANK0                    000020  000004  000024        20       1  BANK0       1
                cinit                          0003E8  000002  0003EA       7D0       0  CODE        2
                maintext                       0003EA  000015  0003FF       7D4       0  CODE        2
                config                         002007  000001  002008      400E       0  CONFIG      2


UNUSED ADDRESS RANGES

        Name                Unused          Largest block    Delta
        BANK0            0024-005D             3A           1
        CODE             0005-03E7            3E3           2
        CONST            0005-03E7            100           2
        EEDATA           2100-217F             80           2
        ENTRY            0005-03E7            100           2
        IDLOC            2000-2003              4           2
        RAM              0024-005D             3A           1
        SFR0             0000-001F             20           1
        SFR1             0080-00DD             5E           1
        STRCODE          0005-03E7            3E3           2
        STRING           0005-03E7            100           2

                                  Symbol Table

_GPIO1                   (abs)        0029
_GPIO2                   (abs)        002A
_TRISIO1                 (abs)        0429
_TRISIO2                 (abs)        042A
_WPU1                    (abs)        04A9
__CFG_FOSC$INTRCCLK      (abs)        0000
__CFG_MCLRE$ON           (abs)        0000
__Habs1                  abs1         07FE
__Hbank0                 bank0        07FE
__Hbank1                 bank1        07FE
__Hcinit                 cinit        07FE
__Hclrtext               clrtext      07FE
__Hcode                  code         07FE
__Hcommon                common       07FE
__Hconfig                config       2008
__HcstackBANK0           cstackBANK0  07FE
__HcstackCOMMON          cstackCOMMON 07FE
__Heeprom_data           eeprom_data  0000
__Hend_init              end_init     0005
__Hfunctab               functab      0000
__Hidloc                 idloc        0000
__Hinit                  init         0000
__Hintentry              intentry     0000
__Hmaintext              maintext     07FE
__Hosccal                osccal       03FF
__Hpowerup               powerup      0000
__Hram                   ram          07FE
__Hreset_vec             reset_vec    0000
__Hsfr0                  sfr0         07FE
__Hsfr1                  sfr1         07FE
__Hstrings               strings      07FE
__Htext                  text         07FE
__Labs1                  abs1         07FE
__Lbank0                 bank0        07FE
__Lbank1                 bank1        07FE
__Lcinit                 cinit        07FE
__Lclrtext               clrtext      07FE
__Lcode                  code         07FE
__Lcommon                common       07FE
__Lconfig                config       2007
__LcstackBANK0           cstackBANK0  07FE
__LcstackCOMMON          cstackCOMMON 07FE
__Leeprom_data           eeprom_data  0000
__Lend_init              end_init     0000
__Lfunctab               functab      0000
__Lidloc                 idloc        0000
__Linit                  init         0000
__Lintentry              intentry     0000
__Lmaintext              maintext     07FE
__Losccal                osccal       03FF
__Lpowerup               powerup      0000
__Lram                   ram          07FE
__Lreset_vec             reset_vec    0000
__Lsfr0                  sfr0         07FE
__Lsfr1                  sfr1         07FE
__Lstrings               strings      07FE
__Ltext                  text         07FE
__S0                     (abs)        2008
__S1                     (abs)        0024
__S2                     (abs)        0000
___osccal_val            osccal       03FF
__end_of__initialization cinit        03E8
__end_of_main            maintext     03FF
__initialization         cinit        03E8
__pcstackBANK0           cstackBANK0  0020
__pcstackCOMMON          cstackCOMMON 0000
__pmaintext              maintext     03EA
__size_of_main           (abs)        0000
_main                    maintext     03EA
_nGPPU                   (abs)        040F
btemp                    (abs)        005E
end_of_initialization    cinit        03E8
intlevel0                functab      0000
intlevel1                functab      0000
intlevel2                functab      0000
intlevel3                functab      0000
intlevel4                functab      0000
intlevel5                functab      0000
reset_vec                reset_vec    0000
start                    init         0000
start_initialization     cinit        03E8
wtemp0                   (abs)        005E


FUNCTION INFORMATION:

 *************** function _main *****************
 Defined at:
		line 21 in file "main.c"
 Parameters:    Size  Location     Type
  argc            2    0[BANK0 ] int 
  argv            2    2[BANK0 ] PTR PTR unsigned char 
 Auto vars:     Size  Location     Type
		None
 Return value:  Size  Location     Type
                  2    0[BANK0 ] int 
 Registers used:
		None
 Tracked objects:
		On entry : 
		On exit  : 
		Unchanged: 
 Data sizes:     COMMON   BANK0
      Params:         0       4
      Locals:         0       0
      Temps:          0       0
      Totals:         0       4
Total ram usage:        4 bytes
 This function calls:
		Nothing
 This function is called by:
		Startup code after reset
 This function uses a non-reentrant model



MODULE INFORMATION

Module		Function		Class		Link	Load	Size
shared
		__initializatio		CODE           	03E8	0000	0

shared estimated size: 0

main.c
		_main          		CODE           	03EA	0000	21

main.c estimated size: 21

