Microchip MPLAB XC8 Compiler V1.12 ()

Linker command line:

--edf=/opt/microchip/xc8/v1.12/dat/en_msgs.txt -cs \
  -h+dist/default/production/LC_Meter.X.production.sym -z -Q18F2550 -ol.obj \
  -Mdist/default/production/LC_Meter.X.production.map -E1 -ver=XC8 \
  -ACODE=00h-07FFFh -ACONST=00h-07FFFh -ASMALLCONST=0800h-08FFhx120 \
  -AMEDIUMCONST=0800h-07FFFh -ACOMRAM=01h-05Fh -AABS1=00h-07FFh \
  -ABIGRAM=01h-07FFh -ARAM=060h-0FFh,0100h-01FFhx7 -ABANK0=060h-0FFh \
  -ABANK1=0100h-01FFh -ABANK2=0200h-02FFh -ABANK3=0300h-03FFh \
  -ABANK4=0400h-04FFh -ABANK5=0500h-05FFh -ABANK6=0600h-06FFh \
  -ABANK7=0700h-07FFh -ASFR=0F60h-0FFFh \
  -preset_vec=00h,intcode=08h,intcodelo,powerup,init,end_init \
  -pramtop=0800h -psmallconst=SMALLCONST -pmediumconst=MEDIUMCONST \
  -pconst=CONST -AFARRAM=00h-00h -ACONFIG=0300000h-030000Dh -pconfig=CONFIG \
  -AIDLOC=0200000h-0200007h -pidloc=IDLOC -AEEDATA=0F00000h-0F000FFh \
  -peeprom_data=EEDATA \
  -prdata=COMRAM,nvrram=COMRAM,nvbit=COMRAM,rbss=COMRAM,rbit=COMRAM \
  -pfarbss=FARRAM,fardata=FARRAM \
  -pintsave_regs=BIGRAM,bigbss=BIGRAM,bigdata=BIGRAM -pbss=RAM \
  -pidata=CODE,irdata=CODE,ibigdata=CODE,ifardata=CODE /tmp/cgtxpBNv6.obj \
  dist/default/production/LC_Meter.X.production.obj 

Object code version is 3.10

Machine type is 18F2550

Call graph: (short form)




                Name                               Link     Load   Length Selector   Space Scale
/tmp/cgtxpBNv6.obj
                end_init                             18       18        4        4       0
                reset_vec                             0        0        4        0       0
                idloc                            200000   200000        8   200000       0
                config                           300000   300000        E   300000       0
dist/default/production/LC_Meter.X.production.obj
                intcode                               8        8       10        4       0
                smallconst                          800      800       7A      400       0
                text42                             3310     3310       EE      43D       0
                text41                             39FA     39FA       6E      43D       0
                text40                             2FD4     2FD4      11E      43D       0
                text39                             30F2     30F2      116      43D       0
                intcode_body                       2C40     2C40      148      43D       0
                text37                             35D4     35D4       D4      43D       0
                text36                             2438     2438      1E4      43D       0
                text35                             389A     389A       7C      43D       0
                text34                             2964     2964      18C      43D       0
                text33                             27CC     27CC      198      43D       0
                text32                             3208     3208      108      43D       0
                text31                             14D4     14D4      3B8      43D       0
                text30                             34EA     34EA       EA      43D       0
                text29                             2AF0     2AF0      150      43D       0
                text28                             3C66     3C66       46      43D       0
                text27                             3C20     3C20       46      43D       0
                text26                             2018     2018      22A      43D       0
                text25                             3BDA     3BDA       46      43D       0
                text24                             3A68     3A68       68      43D       0
                text23                             2D88     2D88      12C      43D       0
                text22                             3CAC     3CAC       3E      43D       0
                text21                             2242     2242      1F6      43D       0
                text20                             188C     188C      2B6      43D       0
                text19                             261C     261C      1B0      43D       0
                text18                             375A     375A       A8      43D       0
                text17                             33FE     33FE       EC      43D       0
                text16                             2EB4     2EB4      120      43D       0
                text15                             3988     3988       72      43D       0
                text14                             3D50     3D50       30      43D       0
                text13                             3D20     3D20       30      43D       0
                text12                             3B30     3B30       58      43D       0
                text11                             3B88     3B88       52      43D       0
                text10                             1DEC     1DEC      22C      43D       0
                text9                              3CEA     3CEA       36      43D       0
                text8                              36A8     36A8       B2      43D       0
                text7                              3D9C     3D9C       1C      43D       0
                text6                               87A      87A      86A      43D       0
                text5                              10E4     10E4      3F0      43D       0
                text4                              1B42     1B42      2AA      43D       0
                text3                              3D80     3D80       1C      43D       0
                text2                              3802     3802       98      43D       0
                text1                              3AD0     3AD0       60      43D       0
                text0                              3916     3916       72      43D       0
                cstackCOMRAM                          1        1       35        1       1
                cstackBANK0                          60       60       A0       60       1
                cstackBANK1                         100      100       25      100       1
                bssCOMRAM                            36       36       1B        1       1
                cinit                              3DB8     3DB8       16      43D       0
                nvCOMRAM                             51       51        1        1       1

TOTAL           Name                               Link     Load   Length     Space
        CLASS   CODE           
                end_init                             18       18        4         0
                intcode                               8        8       10         0
                reset_vec                             0        0        4         0
                text42                             3310     3310       EE         0
                text41                             39FA     39FA       6E         0
                text40                             2FD4     2FD4      11E         0
                text39                             30F2     30F2      116         0
                intcode_body                       2C40     2C40      148         0
                text37                             35D4     35D4       D4         0
                text36                             2438     2438      1E4         0
                text35                             389A     389A       7C         0
                text34                             2964     2964      18C         0
                text33                             27CC     27CC      198         0
                text32                             3208     3208      108         0
                text31                             14D4     14D4      3B8         0
                text30                             34EA     34EA       EA         0
                text29                             2AF0     2AF0      150         0
                text28                             3C66     3C66       46         0
                text27                             3C20     3C20       46         0
                text26                             2018     2018      22A         0
                text25                             3BDA     3BDA       46         0
                text24                             3A68     3A68       68         0
                text23                             2D88     2D88      12C         0
                text22                             3CAC     3CAC       3E         0
                text21                             2242     2242      1F6         0
                text20                             188C     188C      2B6         0
                text19                             261C     261C      1B0         0
                text18                             375A     375A       A8         0
                text17                             33FE     33FE       EC         0
                text16                             2EB4     2EB4      120         0
                text15                             3988     3988       72         0
                text14                             3D50     3D50       30         0
                text13                             3D20     3D20       30         0
                text12                             3B30     3B30       58         0
                text11                             3B88     3B88       52         0
                text10                             1DEC     1DEC      22C         0
                text9                              3CEA     3CEA       36         0
                text8                              36A8     36A8       B2         0
                text7                              3D9C     3D9C       1C         0
                text6                               87A      87A      86A         0
                text5                              10E4     10E4      3F0         0
                text4                              1B42     1B42      2AA         0
                text3                              3D80     3D80       1C         0
                text2                              3802     3802       98         0
                text1                              3AD0     3AD0       60         0
                text0                              3916     3916       72         0
                cinit                              3DB8     3DB8       16         0

        CLASS   CONST          

        CLASS   SMALLCONST     
                smallconst                          800      800       7A         0

        CLASS   MEDIUMCONST    

        CLASS   COMRAM         
                cstackCOMRAM                          1        1       35         1
                bssCOMRAM                            36       36       1B         1
                nvCOMRAM                             51       51        1         1

        CLASS   ABS1           

        CLASS   BIGRAM         

        CLASS   RAM            

        CLASS   BANK0          
                cstackBANK0                          60       60       A0         1

        CLASS   BANK1          
                cstackBANK1                         100      100       25         1

        CLASS   BANK2          

        CLASS   BANK3          

        CLASS   BANK4          

        CLASS   BANK5          

        CLASS   BANK6          

        CLASS   BANK7          

        CLASS   SFR            

        CLASS   FARRAM         

        CLASS   CONFIG         
                config                           300000   300000        E         0

        CLASS   IDLOC          
                idloc                            200000   200000        8         0

        CLASS   EEDATA         



SEGMENTS        Name                           Load    Length   Top    Selector   Space  Class

                reset_vec                      000000  000004  000004         0       0  CODE    
                cstackCOMRAM                   000001  000051  000052         1       1  COMRAM  
                intcode                        000008  000014  00001C         4       0  CODE    
                cstackBANK0                    000060  0000A0  000100        60       1  BANK0   
                cstackBANK1                    000100  000025  000125       100       1  BANK1   
                smallconst                     000800  00007A  00087A       400       0  SMALLCON
                text6                          00087A  003554  003DCE       43D       0  CODE    
                idloc                          200000  000008  200008    200000       0  IDLOC   
                config                         300000  00000E  30000E    300000       0  CONFIG  


UNUSED ADDRESS RANGES

        Name                Unused          Largest block    Delta
        BANK1            000125-0001FF               DB
        BANK2            000200-0002FF              100
        BANK3            000300-0003FF              100
        BANK4            000400-0004FF              100
        BANK5            000500-0005FF              100
        BANK6            000600-0006FF              100
        BANK7            000700-0007FF              100
        BIGRAM           000052-00005F                E
                         000125-0007FF              6DB
        CODE             000004-000007                4
                         00001C-0007FF              7E4
                         003DCE-007FFF             4232
        COMRAM           000052-00005F                E
        CONST            000004-000007                4
                         00001C-0007FF              7E4
                         003DCE-007FFF             4232
        EEDATA           F00000-F000FF              100
        MEDIUMCONST      003DCE-007FFF             4232
        RAM              000125-0007FF              100
        SFR              000F60-000FFF               A0
        SMALLCONST       003DCE-007FFF              100

                                  Symbol Table

?___abtoft                      cstackBANK0  000068
?___altoft                      cstackBANK0  0000B1
?___asftmul                     cstackBANK0  000085
?___asftsub                     cstackBANK0  0000CB
?___awtoft                      cstackBANK0  000068
?___ftadd                       cstackBANK0  0000B4
?___ftdiv                       cstackBANK0  00006E
?___ftge                        cstackBANK0  000060
?___ftmul                       cstackBANK0  00006E
?___ftneg                       cstackBANK0  0000B1
?___ftpack                      cstackBANK0  000060
?___ftsub                       cstackBANK0  0000C5
?___fttol                       cstackBANK0  0000A2
?___lldiv                       cstackBANK0  0000EB
?___llmod                       cstackBANK1  000100
?___lltoft                      cstackBANK0  000068
?___wmul                        cstackBANK0  000060
?_abs                           cstackBANK0  000060
?_eval_poly                     cstackBANK0  000085
?_exp                           cstackBANK0  0000D0
?_fabs                          cstackBANK0  0000B4
?_floor                         cstackBANK0  0000C5
?_frexp                         cstackBANK0  000060
?_init_disp                     cstackBANK0  00006D
?_ldexp                         cstackBANK0  000094
?_log                           cstackBANK0  000094
?_log10                         cstackBANK0  000099
?_out_bit                       cstackBANK0  000062
?_pow                           cstackBANK0  0000D9
?_set_brightness                cstackBANK0  00006B
?_test_display                  cstackBANK0  00006B
?_write                         cstackBANK0  000063
?_write_disp                    cstackBANK0  00006B
?_write_disp_double             cstackBANK0  0000EB
?_write_disp_long               cstackBANK0  0000FB
?i2___ftdiv                     cstackCOMRAM 000012
?i2___ftpack                    cstackCOMRAM 000001
?i2___lltoft                    cstackCOMRAM 000009
_Ccal                           bssCOMRAM    00003E
_GIE                            (abs)        007F97
_INT0IE                         (abs)        007F94
_INT0IF                         (abs)        007F91
_INT1IE                         (abs)        007F83
_INT1IF                         (abs)        007F80
_INT2IE                         (abs)        007F84
_INT2IF                         (abs)        007F81
_INTEDG0                        (abs)        007F8E
_INTEDG1                        (abs)        007F8D
_INTEDG2                        (abs)        007F8C
_ISR                            intcode      000008
_LA0                            (abs)        007C48
_LA2                            (abs)        007C4A
_LA3                            (abs)        007C4B
_LA5                            (abs)        007C4D
_LB3                            (abs)        007C53
_PEIE                           (abs)        007F96
_T08BIT                         (abs)        007EAE
_T0CS                           (abs)        007EAD
_T1OSCEN                        (abs)        007E6B
_T1RD16                         (abs)        007E6F
_T1SYNC                         (abs)        007E6A
_T3CCP1                         (abs)        007D8B
_T3CCP2                         (abs)        007D8E
_T3NSYNC                        (abs)        007D8A
_T3RD16                         (abs)        007D8F
_TMR0                           (abs)        000FD6
_TMR0IE                         (abs)        007F95
_TMR0IF                         (abs)        007F92
_TMR0ON                         (abs)        007EAF
_TMR1                           (abs)        000FCE
_TMR1CS                         (abs)        007E69
_TMR1IE                         (abs)        007CE8
_TMR1IF                         (abs)        007CF0
_TMR1ON                         (abs)        007E68
_TMR3                           (abs)        000FB2
_TMR3CS                         (abs)        007D89
_TMR3IE                         (abs)        007D01
_TMR3IF                         (abs)        007D09
_TMR3ON                         (abs)        007D88
_TRISA0                         (abs)        007C90
_TRISA1                         (abs)        007C91
_TRISA2                         (abs)        007C92
_TRISA3                         (abs)        007C93
_TRISA4                         (abs)        007C94
_TRISA5                         (abs)        007C95
_TRISB0                         (abs)        007C98
_TRISB1                         (abs)        007C99
_TRISB2                         (abs)        007C9A
_TRISB3                         (abs)        007C9B
__CFG_BOR$ON                    (abs)        000000
__CFG_FOSC$HS                   (abs)        000000
__CFG_MCLRE$ON                  (abs)        000000
__CFG_PBADEN$OFF                (abs)        000000
__CFG_PWRT$OFF                  (abs)        000000
__CFG_WDT$ON                    (abs)        000000
__HRAM                          (abs)        000000
__Habs1                         abs1         000000
__Hbank0                        bank0        000000
__Hbank1                        bank1        000000
__Hbank2                        bank2        000000
__Hbank3                        bank3        000000
__Hbank4                        bank4        000000
__Hbank5                        bank5        000000
__Hbank6                        bank6        000000
__Hbank7                        bank7        000000
__Hbigbss                       bigbss       000000
__Hbigdata                      bigdata      000000
__Hbigram                       bigram       000000
__Hbss                          bss          000000
__HbssCOMRAM                    bssCOMRAM    000000
__Hcinit                        cinit        000000
__Hclrtext                      clrtext      000000
__Hcomram                       comram       000000
__Hconfig                       config       30000E
__Hconst                        const        000000
__HcstackBANK0                  cstackBANK0  000000
__HcstackBANK1                  cstackBANK1  000000
__HcstackCOMRAM                 cstackCOMRAM 000000
__Hdata                         data         000000
__Heeprom_data                  eeprom_data  000000
__Hend_init                     end_init     00001C
__Hfarbss                       farbss       000000
__Hfardata                      fardata      000000
__Hibigdata                     ibigdata     000000
__Hidata                        idata        000000
__Hidloc                        idloc        200008
__Hifardata                     ifardata     000000
__Hinit                         init         000018
__Hintcode                      intcode      000018
__Hintcode_body                 intcode_body 000000
__Hintcodelo                    intcodelo    000018
__Hintentry                     intentry     000000
__Hintret                       intret       000000
__Hintsave_regs                 intsave_regs 000000
__Hirdata                       irdata       000000
__Hmediumconst                  mediumconst  000000
__HnvCOMRAM                     nvCOMRAM     000000
__Hnvbit                        nvbit        000000
__Hnvrram                       nvrram       000000
__Hparam                        rparam       000000
__Hpowerup                      powerup      000018
__Hram                          ram          000000
__Hramtop                       ramtop       000800
__Hrbit                         rbit         000000
__Hrbss                         rbss         000000
__Hrdata                        rdata        000000
__Hreset_vec                    reset_vec    000004
__Hrparam                       rparam       000000
__Hsfr                          sfr          000000
__Hsmallconst                   smallconst   00087A
__Hstruct                       struct       000000
__Htemp                         temp         000000
__Htext                         text         000000
__Htext0                        text0        000000
__Htext1                        text1        000000
__Htext10                       text10       000000
__Htext11                       text11       000000
__Htext12                       text12       000000
__Htext13                       text13       000000
__Htext14                       text14       000000
__Htext15                       text15       000000
__Htext16                       text16       000000
__Htext17                       text17       000000
__Htext18                       text18       000000
__Htext19                       text19       000000
__Htext2                        text2        000000
__Htext20                       text20       000000
__Htext21                       text21       000000
__Htext22                       text22       000000
__Htext23                       text23       000000
__Htext24                       text24       000000
__Htext25                       text25       000000
__Htext26                       text26       000000
__Htext27                       text27       000000
__Htext28                       text28       000000
__Htext29                       text29       000000
__Htext3                        text3        000000
__Htext30                       text30       000000
__Htext31                       text31       000000
__Htext32                       text32       000000
__Htext33                       text33       000000
__Htext34                       text34       000000
__Htext35                       text35       000000
__Htext36                       text36       000000
__Htext37                       text37       000000
__Htext39                       text39       000000
__Htext4                        text4        000000
__Htext40                       text40       000000
__Htext41                       text41       000000
__Htext42                       text42       000000
__Htext5                        text5        000000
__Htext6                        text6        000000
__Htext7                        text7        000000
__Htext8                        text8        000000
__Htext9                        text9        000000
__LRAM                          (abs)        000001
__Labs1                         abs1         000000
__Lbank0                        bank0        000000
__Lbank1                        bank1        000000
__Lbank2                        bank2        000000
__Lbank3                        bank3        000000
__Lbank4                        bank4        000000
__Lbank5                        bank5        000000
__Lbank6                        bank6        000000
__Lbank7                        bank7        000000
__Lbigbss                       bigbss       000000
__Lbigdata                      bigdata      000000
__Lbigram                       bigram       000000
__Lbss                          bss          000000
__LbssCOMRAM                    bssCOMRAM    000000
__Lcinit                        cinit        000000
__Lclrtext                      clrtext      000000
__Lcomram                       comram       000000
__Lconfig                       config       300000
__Lconst                        const        000000
__LcstackBANK0                  cstackBANK0  000000
__LcstackBANK1                  cstackBANK1  000000
__LcstackCOMRAM                 cstackCOMRAM 000000
__Ldata                         data         000000
__Leeprom_data                  eeprom_data  000000
__Lend_init                     end_init     000018
__Lfarbss                       farbss       000000
__Lfardata                      fardata      000000
__Libigdata                     ibigdata     000000
__Lidata                        idata        000000
__Lidloc                        idloc        200000
__Lifardata                     ifardata     000000
__Linit                         init         000018
__Lintcode                      intcode      000008
__Lintcode_body                 intcode_body 000000
__Lintcodelo                    intcodelo    000018
__Lintentry                     intentry     000000
__Lintret                       intret       000000
__Lintsave_regs                 intsave_regs 000000
__Lirdata                       irdata       000000
__Lmediumconst                  mediumconst  000000
__LnvCOMRAM                     nvCOMRAM     000000
__Lnvbit                        nvbit        000000
__Lnvrram                       nvrram       000000
__Lparam                        rparam       000000
__Lpowerup                      powerup      000018
__Lram                          ram          000000
__Lramtop                       ramtop       000800
__Lrbit                         rbit         000000
__Lrbss                         rbss         000000
__Lrdata                        rdata        000000
__Lreset_vec                    reset_vec    000000
__Lrparam                       rparam       000000
__Lsfr                          sfr          000000
__Lsmallconst                   smallconst   000800
__Lstruct                       struct       000000
__Ltemp                         temp         000000
__Ltext                         text         000000
__Ltext0                        text0        000000
__Ltext1                        text1        000000
__Ltext10                       text10       000000
__Ltext11                       text11       000000
__Ltext12                       text12       000000
__Ltext13                       text13       000000
__Ltext14                       text14       000000
__Ltext15                       text15       000000
__Ltext16                       text16       000000
__Ltext17                       text17       000000
__Ltext18                       text18       000000
__Ltext19                       text19       000000
__Ltext2                        text2        000000
__Ltext20                       text20       000000
__Ltext21                       text21       000000
__Ltext22                       text22       000000
__Ltext23                       text23       000000
__Ltext24                       text24       000000
__Ltext25                       text25       000000
__Ltext26                       text26       000000
__Ltext27                       text27       000000
__Ltext28                       text28       000000
__Ltext29                       text29       000000
__Ltext3                        text3        000000
__Ltext30                       text30       000000
__Ltext31                       text31       000000
__Ltext32                       text32       000000
__Ltext33                       text33       000000
__Ltext34                       text34       000000
__Ltext35                       text35       000000
__Ltext36                       text36       000000
__Ltext37                       text37       000000
__Ltext39                       text39       000000
__Ltext4                        text4        000000
__Ltext40                       text40       000000
__Ltext41                       text41       000000
__Ltext42                       text42       000000
__Ltext5                        text5        000000
__Ltext6                        text6        000000
__Ltext7                        text7        000000
__Ltext8                        text8        000000
__Ltext9                        text9        000000
__S0                            (abs)        30000E
__S1                            (abs)        000125
___abtoft                       text15       003988
___abtoft@c                     cstackBANK0  000068
___abtoft@sign                  cstackBANK0  00006D
___altoft                       text30       0034EA
___altoft@c                     cstackBANK0  0000B1
___altoft@exp                   cstackBANK0  0000B9
___altoft@sign                  cstackBANK0  0000BA
___asftmul                      text25       003BDA
___asftmul@f1p                  cstackBANK0  000085
___asftmul@f2                   cstackBANK0  000087
___asftsub                      text27       003C20
___asftsub@f1p                  cstackBANK0  0000CB
___asftsub@f2                   cstackBANK0  0000CD
___awtoft                       text35       00389A
___awtoft@c                     cstackBANK0  000068
___awtoft@sign                  cstackBANK0  00006D
___ftadd                        text31       0014D4
___ftadd@exp1                   cstackBANK0  0000C4
___ftadd@exp2                   cstackBANK0  0000C3
___ftadd@f1                     cstackBANK0  0000B4
___ftadd@f2                     cstackBANK0  0000B7
___ftadd@sign                   cstackBANK0  0000C2
___ftdiv                        text21       002242
___ftdiv@cntr                   cstackBANK0  00007F
___ftdiv@exp                    cstackBANK0  000083
___ftdiv@f1                     cstackBANK0  00006E
___ftdiv@f2                     cstackBANK0  000071
___ftdiv@f3                     cstackBANK0  000080
___ftdiv@sign                   cstackBANK0  000084
___ftge                         text32       003208
___ftge@ff1                     cstackBANK0  000060
___ftge@ff2                     cstackBANK0  000063
___ftmul                        text26       002018
___ftmul@cntr                   cstackBANK0  000083
___ftmul@exp                    cstackBANK0  00007F
___ftmul@f1                     cstackBANK0  00006E
___ftmul@f2                     cstackBANK0  000071
___ftmul@f3_as_product          cstackBANK0  000080
___ftmul@sign                   cstackBANK0  000084
___ftneg                        text22       003CAC
___ftneg@f1                     cstackBANK0  0000B1
___ftpack                       text34       002964
___ftpack@arg                   cstackBANK0  000060
___ftpack@exp                   cstackBANK0  000063
___ftpack@sign                  cstackBANK0  000064
___ftsub                        text28       003C66
___ftsub@f1                     cstackBANK0  0000C5
___ftsub@f2                     cstackBANK0  0000C8
___fttol                        text36       002438
___fttol@exp1                   cstackBANK0  0000B0
___fttol@f1                     cstackBANK0  0000A2
___fttol@lval                   cstackBANK0  0000AC
___fttol@sign1                  cstackBANK0  0000AB
___lldiv                        text16       002EB4
___lldiv@counter                cstackBANK0  0000F8
___lldiv@dividend               cstackBANK0  0000EB
___lldiv@divisor                cstackBANK0  0000EF
___lldiv@quotient               cstackBANK0  0000F4
___llmod                        text17       0033FE
___llmod@counter                cstackBANK0  0000FA
___llmod@dividend               cstackBANK1  000100
___llmod@divisor                cstackBANK1  000104
___lltoft                       text18       00375A
___lltoft@c                     cstackBANK0  000068
___lltoft@exp                   cstackBANK0  000070
___wmul                         text24       003A68
___wmul@multiplicand            cstackBANK0  000062
___wmul@multiplier              cstackBANK0  000060
___wmul@product                 cstackBANK0  000064
__accesstop                     (abs)        000060
__activetblptr                  (abs)        000002
__end_of_ISR                    intcode_body 002D88
__end_of___abtoft               text15       0039FA
__end_of___altoft               text30       0035D4
__end_of___asftmul              text25       003C20
__end_of___asftsub              text27       003C66
__end_of___awtoft               text35       003916
__end_of___ftadd                text31       00188C
__end_of___ftdiv                text21       002438
__end_of___ftge                 text32       003310
__end_of___ftmul                text26       002242
__end_of___ftneg                text22       003CEA
__end_of___ftpack               text34       002AF0
__end_of___ftsub                text28       003CAC
__end_of___fttol                text36       00261C
__end_of___lldiv                text16       002FD4
__end_of___llmod                text17       0034EA
__end_of___lltoft               text18       003802
__end_of___wmul                 text24       003AD0
__end_of__initialization        cinit        003DC4
__end_of__stringdata            smallconst   000879
__end_of_abs                    text9        003D20
__end_of_calibrate              text39       003208
__end_of_config                 text1        003B30
__end_of_eval_poly              text23       002EB4
__end_of_exp                    text20       001B42
__end_of_fabs                   text11       003BDA
__end_of_floor                  text29       002C40
__end_of_frexp                  text37       0036A8
__end_of_init_disp              text2        00389A
__end_of_lcd_font               smallconst   00082B
__end_of_ldexp                  text33       002964
__end_of_log                    text19       0027CC
__end_of_log10                  text12       003B88
__end_of_main                   text0        003988
__end_of_num_to_char            smallconst   000835
__end_of_out_bit                text13       003D50
__end_of_pause                  text14       003D80
__end_of_pow                    text10       002018
__end_of_set_brightness         text3        003D9C
__end_of_test_display           text7        003DB8
__end_of_write                  text8        00375A
__end_of_write_disp             text6        0010E4
__end_of_write_disp_double      text5        0014D4
__end_of_write_disp_long        text4        001DEC
__end_ofexp@coeff               smallconst   000853
__end_ofi2___ftdiv              text40       0030F2
__end_ofi2___ftpack             text42       0033FE
__end_ofi2___lltoft             text41       003A68
__end_oflog@coeff               smallconst   00086E
__initialization                cinit        003DB8
__mediumconst                   mediumconst  000000
__pbssCOMRAM                    bssCOMRAM    000036
__pcinit                        cinit        003DB8
__pcstackBANK0                  cstackBANK0  000060
__pcstackBANK1                  cstackBANK1  000100
__pcstackCOMRAM                 cstackCOMRAM 000001
__pintcode                      intcode      000008
__pintcode_body                 intcode_body 002C40
__pnvCOMRAM                     nvCOMRAM     000051
__psmallconst                   smallconst   000800
__ptext0                        text0        003916
__ptext1                        text1        003AD0
__ptext10                       text10       001DEC
__ptext11                       text11       003B88
__ptext12                       text12       003B30
__ptext13                       text13       003D20
__ptext14                       text14       003D50
__ptext15                       text15       003988
__ptext16                       text16       002EB4
__ptext17                       text17       0033FE
__ptext18                       text18       00375A
__ptext19                       text19       00261C
__ptext2                        text2        003802
__ptext20                       text20       00188C
__ptext21                       text21       002242
__ptext22                       text22       003CAC
__ptext23                       text23       002D88
__ptext24                       text24       003A68
__ptext25                       text25       003BDA
__ptext26                       text26       002018
__ptext27                       text27       003C20
__ptext28                       text28       003C66
__ptext29                       text29       002AF0
__ptext3                        text3        003D80
__ptext30                       text30       0034EA
__ptext31                       text31       0014D4
__ptext32                       text32       003208
__ptext33                       text33       0027CC
__ptext34                       text34       002964
__ptext35                       text35       00389A
__ptext36                       text36       002438
__ptext37                       text37       0035D4
__ptext39                       text39       0030F2
__ptext4                        text4        001B42
__ptext40                       text40       002FD4
__ptext41                       text41       0039FA
__ptext42                       text42       003310
__ptext5                        text5        0010E4
__ptext6                        text6        00087A
__ptext7                        text7        003D9C
__ptext8                        text8        0036A8
__ptext9                        text9        003CEA
__ramtop                        ramtop       000800
__size_of_ISR                   (abs)        000000
__size_of___abtoft              (abs)        000000
__size_of___altoft              (abs)        000000
__size_of___asftmul             (abs)        000000
__size_of___asftsub             (abs)        000000
__size_of___awtoft              (abs)        000000
__size_of___ftadd               (abs)        000000
__size_of___ftdiv               (abs)        000000
__size_of___ftge                (abs)        000000
__size_of___ftmul               (abs)        000000
__size_of___ftneg               (abs)        000000
__size_of___ftpack              (abs)        000000
__size_of___ftsub               (abs)        000000
__size_of___fttol               (abs)        000000
__size_of___lldiv               (abs)        000000
__size_of___llmod               (abs)        000000
__size_of___lltoft              (abs)        000000
__size_of___wmul                (abs)        000000
__size_of_abs                   (abs)        000000
__size_of_calibrate             (abs)        000000
__size_of_config                (abs)        000000
__size_of_eval_poly             (abs)        000000
__size_of_exp                   (abs)        000000
__size_of_fabs                  (abs)        000000
__size_of_floor                 (abs)        000000
__size_of_frexp                 (abs)        000000
__size_of_init_disp             (abs)        000000
__size_of_ldexp                 (abs)        000000
__size_of_log                   (abs)        000000
__size_of_log10                 (abs)        000000
__size_of_main                  (abs)        000000
__size_of_out_bit               (abs)        000000
__size_of_pause                 (abs)        000000
__size_of_pow                   (abs)        000000
__size_of_set_brightness        (abs)        000000
__size_of_test_display          (abs)        000000
__size_of_write                 (abs)        000000
__size_of_write_disp            (abs)        000000
__size_of_write_disp_double     (abs)        000000
__size_of_write_disp_long       (abs)        000000
__size_ofi2___ftdiv             (abs)        000000
__size_ofi2___ftpack            (abs)        000000
__size_ofi2___lltoft            (abs)        000000
__smallconst                    smallconst   000800
__stringdata                    smallconst   00086E
_abs                            text9        003CEA
_cal_overflow                   bssCOMRAM    000047
_calibrate                      text39       0030F2
_config                         text1        003AD0
_d                              nvCOMRAM     000051
_errno                          bssCOMRAM    000049
_eval_poly                      text23       002D88
_exp                            text20       00188C
_exp$834                        cstackBANK0  0000D3
_fabs                           text11       003B88
_floor                          text29       002AF0
_freq1                          bssCOMRAM    000041
_freq2                          bssCOMRAM    000044
_frexp                          text37       0035D4
_idle_overflow                  bssCOMRAM    00004B
_init_disp                      text2        003802
_lcd_font                       smallconst   000800
_ldexp                          text33       0027CC
_log                            text19       00261C
_log10                          text12       003B30
_log10$831                      cstackBANK0  00009F
_main                           text0        003916
_nRBPU                          (abs)        007F8F
_num_to_char                    smallconst   00082B
_out_bit                        text13       003D20
_pause                          text14       003D50
_pow                            text10       001DEC
_pow$832                        cstackBANK0  0000E0
_pow$833                        cstackBANK0  0000E3
_running                        bssCOMRAM    00004F
_sampling                       bssCOMRAM    000050
_set_brightness                 text3        003D80
_test_display                   text7        003D9C
_tick_overflow                  bssCOMRAM    00004D
_write                          text8        0036A8
_write_disp                     text6        00087A
_write_disp_double              text5        0010E4
_write_disp_double$829          cstackBANK1  00010C
_write_disp_double$830          cstackBANK1  00010F
_write_disp_long                text4        001B42
_write_disp_long$827            cstackBANK1  000117
_write_disp_long$828            cstackBANK1  00011A
abs@a                           cstackBANK0  000060
end_of_initialization           cinit        003DC4
eval_poly@d                     cstackBANK0  000088
eval_poly@n                     cstackBANK0  00008A
eval_poly@res                   cstackBANK0  000091
eval_poly@x                     cstackBANK0  000085
exp@coeff                       smallconst   000835
exp@exponent                    cstackBANK0  0000D6
exp@sign                        cstackBANK0  0000D8
exp@x                           cstackBANK0  0000D0
fabs@d                          cstackBANK0  0000B4
floor@expon                     cstackBANK0  0000CB
floor@i                         cstackBANK0  0000C8
floor@x                         cstackBANK0  0000C5
frexp@eptr                      cstackBANK0  000063
frexp@value                     cstackBANK0  000060
i2___ftdiv                      text40       002FD4
i2___ftdiv@cntr                 cstackCOMRAM 00001D
i2___ftdiv@exp                  cstackCOMRAM 000021
i2___ftdiv@f1                   cstackCOMRAM 000012
i2___ftdiv@f2                   cstackCOMRAM 000015
i2___ftdiv@f3                   cstackCOMRAM 00001E
i2___ftdiv@sign                 cstackCOMRAM 000022
i2___ftpack                     text42       003310
i2___ftpack@arg                 cstackCOMRAM 000001
i2___ftpack@exp                 cstackCOMRAM 000004
i2___ftpack@sign                cstackCOMRAM 000005
i2___lltoft                     text41       0039FA
i2___lltoft@c                   cstackCOMRAM 000009
i2___lltoft@exp                 cstackCOMRAM 000011
init_disp@digits                cstackBANK0  00006D
int_func                        intcode_body 002C40
intlevel0                       text         000000
intlevel1                       text         000000
intlevel2                       text         000000
intlevel3                       text         000000
ldexp@newexp                    cstackBANK0  000097
ldexp@value                     cstackBANK0  000094
log10@x                         cstackBANK0  000099
log@coeff                       smallconst   000853
log@exponent                    cstackBANK0  000097
log@x                           cstackBANK0  000094
out_bit@b                       cstackBANK0  000062
pause@i                         cstackBANK0  000060
pow@sign                        cstackBANK0  0000E6
pow@x                           cstackBANK0  0000D9
pow@y                           cstackBANK0  0000DC
pow@yi                          cstackBANK0  0000E7
set_brightness@bright           cstackBANK0  00006B
start                           init         000018
start_initialization            cinit        003DB8
test_display@test               cstackBANK0  00006B
write@address                   cstackBANK0  000063
write@data                      cstackBANK0  000064
write@i                         cstackBANK0  00006A
write@out                       cstackBANK0  000068
write_disp@F4996                bssCOMRAM    000036
write_disp@buf                  cstackBANK0  00007D
write_disp@chars                cstackBANK0  00006B
write_disp@i                    cstackBANK0  000089
write_disp@j                    cstackBANK0  000087
write_disp@offset               cstackBANK0  000088
write_disp@seg                  cstackBANK0  000085
write_disp_double@buffer        cstackBANK1  000102
write_disp_double@index         cstackBANK1  000115
write_disp_double@mantissa_size cstackBANK1  000112
write_disp_double@num           cstackBANK0  0000EB
write_disp_double@sig           cstackBANK1  000113
write_disp_double@whole         cstackBANK1  000100
write_disp_double@whole_size    cstackBANK1  000114
write_disp_long@buffer          cstackBANK1  00010D
write_disp_long@index           cstackBANK1  00011F
write_disp_long@num             cstackBANK0  0000FB
write_disp_long@sig             cstackBANK1  00011E
write_disp_long@tmp             cstackBANK1  00011D


FUNCTION INFORMATION:

 *************** function _main *****************
 Defined at:
		line 147 in file "lc_meter.c"
 Parameters:    Size  Location     Type
  argc            2   32[BANK1 ] int 
  argv            3   34[BANK1 ] PTR PTR unsigned char 
 Auto vars:     Size  Location     Type
		None
 Return value:  Size  Location     Type
                  2   32[BANK1 ] int 
 Registers used:
		wreg, fsr0l, fsr0h, fsr1l, fsr1h, fsr2l, fsr2h, status,2, status,0, pclat, tosl, structret, tblptrl, tblptrh, tblptru, prodl, prodh, bsr, cstack
 Tracked objects:
		On entry : 
		On exit  : 
		Unchanged: 
 Data sizes:     COMRAM   BANK0   BANK1   BANK2   BANK3   BANK4   BANK5   BANK6   BANK7
      Params:         0       0       5       0       0       0       0       0       0
      Locals:         0       0       0       0       0       0       0       0       0
      Temps:          0       1       0       0       0       0       0       0       0
      Totals:         0       1       5       0       0       0       0       0       0
Total ram usage:        6 bytes
 Hardware stack levels required when called:   11
 This function calls:
		_config
		_set_brightness
		_write_disp
		_write_disp_long
		_write_disp_double
 This function is called by:
		Startup code after reset
 This function uses a non-reentrant model


 *************** function _config *****************
 Defined at:
		line 78 in file "lc_meter.c"
 Parameters:    Size  Location     Type
		None
 Auto vars:     Size  Location     Type
		None
 Return value:  Size  Location     Type
		None               void
 Registers used:
		wreg, fsr0l, fsr0h, fsr1l, fsr1h, fsr2l, fsr2h, status,2, status,0, pclat, tosl, structret, tblptrl, tblptrh, tblptru, prodl, prodh, bsr, cstack
 Tracked objects:
		On entry : 
		On exit  : 
		Unchanged: 
 Data sizes:     COMRAM   BANK0   BANK1   BANK2   BANK3   BANK4   BANK5   BANK6   BANK7
      Params:         0       0       0       0       0       0       0       0       0
      Locals:         0       0       0       0       0       0       0       0       0
      Temps:          0       0       0       0       0       0       0       0       0
      Totals:         0       0       0       0       0       0       0       0       0
Total ram usage:        0 bytes
 Hardware stack levels used:    1
 Hardware stack levels required when called:    9
 This function calls:
		_init_disp
 This function is called by:
		_main
 This function uses a non-reentrant model


 *************** function _init_disp *****************
 Defined at:
		line 29 in file "LED_disp.c"
 Parameters:    Size  Location     Type
  digits          2   13[BANK0 ] short 
 Auto vars:     Size  Location     Type
		None
 Return value:  Size  Location     Type
		None               void
 Registers used:
		wreg, fsr0l, fsr0h, fsr1l, fsr1h, fsr2l, fsr2h, status,2, status,0, pclat, tosl, structret, tblptrl, tblptrh, tblptru, prodl, prodh, bsr, cstack
 Tracked objects:
		On entry : 
		On exit  : 
		Unchanged: 
 Data sizes:     COMRAM   BANK0   BANK1   BANK2   BANK3   BANK4   BANK5   BANK6   BANK7
      Params:         0       2       0       0       0       0       0       0       0
      Locals:         0       0       0       0       0       0       0       0       0
      Temps:          0       2       0       0       0       0       0       0       0
      Totals:         0       4       0       0       0       0       0       0       0
Total ram usage:        4 bytes
 Hardware stack levels used:    1
 Hardware stack levels required when called:    8
 This function calls:
		_write
		_test_display
 This function is called by:
		_config
 This function uses a non-reentrant model


 *************** function _set_brightness *****************
 Defined at:
		line 65 in file "LED_disp.c"
 Parameters:    Size  Location     Type
  bright          1   11[BANK0 ] unsigned char 
 Auto vars:     Size  Location     Type
		None
 Return value:  Size  Location     Type
		None               void
 Registers used:
		wreg, fsr0l, fsr0h, fsr1l, fsr1h, fsr2l, fsr2h, status,2, status,0, pclat, tosl, structret, tblptrl, tblptrh, tblptru, prodl, prodh, bsr, cstack
 Tracked objects:
		On entry : 
		On exit  : 
		Unchanged: 
 Data sizes:     COMRAM   BANK0   BANK1   BANK2   BANK3   BANK4   BANK5   BANK6   BANK7
      Params:         0       1       0       0       0       0       0       0       0
      Locals:         0       0       0       0       0       0       0       0       0
      Temps:          0       1       0       0       0       0       0       0       0
      Totals:         0       2       0       0       0       0       0       0       0
Total ram usage:        2 bytes
 Hardware stack levels used:    1
 Hardware stack levels required when called:    7
 This function calls:
		_write
 This function is called by:
		_main
 This function uses a non-reentrant model


 *************** function _write_disp_long *****************
 Defined at:
		line 70 in file "LED_disp.c"
 Parameters:    Size  Location     Type
  num             4  155[BANK0 ] long 
 Auto vars:     Size  Location     Type
  tmp             1   29[BANK1 ] unsigned char 
  buffer         10   13[BANK1 ] unsigned char [10]
  index           1   31[BANK1 ] char 
  sig             1   30[BANK1 ] unsigned char 
 Return value:  Size  Location     Type
		None               void
 Registers used:
		wreg, fsr0l, fsr0h, fsr1l, fsr1h, fsr2l, fsr2h, status,2, status,0, pclat, tosl, structret, tblptrl, tblptrh, tblptru, prodl, prodh, bsr, cstack
 Tracked objects:
		On entry : 
		On exit  : 
		Unchanged: 
 Data sizes:     COMRAM   BANK0   BANK1   BANK2   BANK3   BANK4   BANK5   BANK6   BANK7
      Params:         0       4       0       0       0       0       0       0       0
      Locals:         0       0      19       0       0       0       0       0       0
      Temps:          0       0       5       0       0       0       0       0       0
      Totals:         0       4      24       0       0       0       0       0       0
Total ram usage:       28 bytes
 Hardware stack levels used:    1
 Hardware stack levels required when called:   10
 This function calls:
		_abs
		___awtoft
		_pow
		___fttol
		___lldiv
		___llmod
		_write_disp
 This function is called by:
		_main
 This function uses a non-reentrant model


 *************** function _write_disp_double *****************
 Defined at:
		line 93 in file "LED_disp.c"
 Parameters:    Size  Location     Type
  num             3  139[BANK0 ] unsigned char 
 Auto vars:     Size  Location     Type
  buffer         10    2[BANK1 ] unsigned char [10]
  whole           2    0[BANK1 ] unsigned int 
  index           1   21[BANK1 ] char 
  whole_size      1   20[BANK1 ] unsigned char 
  sig             1   19[BANK1 ] unsigned char 
  mantissa_siz    1   18[BANK1 ] char 
 Return value:  Size  Location     Type
		None               void
 Registers used:
		wreg, fsr0l, fsr0h, fsr1l, fsr1h, fsr2l, fsr2h, status,2, status,0, pclat, tosl, structret, tblptrl, tblptrh, tblptru, prodl, prodh, bsr, cstack
 Tracked objects:
		On entry : 
		On exit  : 
		Unchanged: 
 Data sizes:     COMRAM   BANK0   BANK1   BANK2   BANK3   BANK4   BANK5   BANK6   BANK7
      Params:         0       3       0       0       0       0       0       0       0
      Locals:         0       0      22       0       0       0       0       0       0
      Temps:          0       2       0       0       0       0       0       0       0
      Totals:         0       5      22       0       0       0       0       0       0
Total ram usage:       27 bytes
 Hardware stack levels used:    1
 Hardware stack levels required when called:   10
 This function calls:
		_fabs
		_log10
		___fttol
		___abtoft
		_pow
		___ftdiv
		___awtoft
		___ftneg
		___ftadd
		___ftmul
		_write_disp
 This function is called by:
		_main
 This function uses a non-reentrant model


 *************** function _write_disp *****************
 Defined at:
		line 137 in file "LED_disp.c"
 Parameters:    Size  Location     Type
  chars           2   11[BANK0 ] PTR unsigned char 
		 -> write_disp_double@buffer(10), write_disp_long@buffer(10), STR_1(11), 
 Auto vars:     Size  Location     Type
  seg             2   37[BANK0 ] unsigned int 
  buf             8   29[BANK0 ] unsigned char [8]
  i               1   41[BANK0 ] char 
  offset          1   40[BANK0 ] char 
  j               1   39[BANK0 ] char 
 Return value:  Size  Location     Type
		None               void
 Registers used:
		wreg, fsr0l, fsr0h, fsr1l, fsr1h, fsr2l, fsr2h, status,2, status,0, pclat, tosl, structret, tblptrl, tblptrh, tblptru, prodl, prodh, bsr, cstack
 Tracked objects:
		On entry : 
		On exit  : 
		Unchanged: 
 Data sizes:     COMRAM   BANK0   BANK1   BANK2   BANK3   BANK4   BANK5   BANK6   BANK7
      Params:         0       2       0       0       0       0       0       0       0
      Locals:         0      13       0       0       0       0       0       0       0
      Temps:          0      16       0       0       0       0       0       0       0
      Totals:         0      31       0       0       0       0       0       0       0
Total ram usage:       31 bytes
 Hardware stack levels used:    1
 Hardware stack levels required when called:    7
 This function calls:
		___wmul
		_write
 This function is called by:
		_main
		_write_disp_long
		_write_disp_double
 This function uses a non-reentrant model


 *************** function _test_display *****************
 Defined at:
		line 60 in file "LED_disp.c"
 Parameters:    Size  Location     Type
  test            1   11[BANK0 ] unsigned char 
 Auto vars:     Size  Location     Type
		None
 Return value:  Size  Location     Type
		None               void
 Registers used:
		wreg, status,2, status,0, cstack
 Tracked objects:
		On entry : 
		On exit  : 
		Unchanged: 
 Data sizes:     COMRAM   BANK0   BANK1   BANK2   BANK3   BANK4   BANK5   BANK6   BANK7
      Params:         0       1       0       0       0       0       0       0       0
      Locals:         0       0       0       0       0       0       0       0       0
      Temps:          0       1       0       0       0       0       0       0       0
      Totals:         0       2       0       0       0       0       0       0       0
Total ram usage:        2 bytes
 Hardware stack levels used:    1
 Hardware stack levels required when called:    7
 This function calls:
		_write
 This function is called by:
		_init_disp
 This function uses a non-reentrant model


 *************** function _write *****************
 Defined at:
		line 206 in file "LED_disp.c"
 Parameters:    Size  Location     Type
  address         1    3[BANK0 ] unsigned char 
  data            1    4[BANK0 ] unsigned char 
 Auto vars:     Size  Location     Type
  out             2    8[BANK0 ] unsigned int 
  i               1   10[BANK0 ] char 
 Return value:  Size  Location     Type
		None               void
 Registers used:
		wreg, status,2, status,0, cstack
 Tracked objects:
		On entry : 
		On exit  : 
		Unchanged: 
 Data sizes:     COMRAM   BANK0   BANK1   BANK2   BANK3   BANK4   BANK5   BANK6   BANK7
      Params:         0       2       0       0       0       0       0       0       0
      Locals:         0       3       0       0       0       0       0       0       0
      Temps:          0       3       0       0       0       0       0       0       0
      Totals:         0       8       0       0       0       0       0       0       0
Total ram usage:        8 bytes
 Hardware stack levels used:    1
 Hardware stack levels required when called:    6
 This function calls:
		_pause
		_out_bit
 This function is called by:
		_init_disp
		_test_display
		_set_brightness
		_write_disp
 This function uses a non-reentrant model


 *************** function _abs *****************
 Defined at:
		line 5 in file "/opt/microchip/xc8/v1.12/sources/abs.c"
 Parameters:    Size  Location     Type
  a               2    0[BANK0 ] int 
 Auto vars:     Size  Location     Type
		None
 Return value:  Size  Location     Type
                  2    0[BANK0 ] int 
 Registers used:
		None
 Tracked objects:
		On entry : 
		On exit  : 
		Unchanged: 
 Data sizes:     COMRAM   BANK0   BANK1   BANK2   BANK3   BANK4   BANK5   BANK6   BANK7
      Params:         0       2       0       0       0       0       0       0       0
      Locals:         0       0       0       0       0       0       0       0       0
      Temps:          0       2       0       0       0       0       0       0       0
      Totals:         0       4       0       0       0       0       0       0       0
Total ram usage:        4 bytes
 Hardware stack levels used:    1
 Hardware stack levels required when called:    4
 This function calls:
		Nothing
 This function is called by:
		_write_disp_long
 This function uses a non-reentrant model


 *************** function _pow *****************
 Defined at:
		line 6 in file "/opt/microchip/xc8/v1.12/sources/pow.c"
 Parameters:    Size  Location     Type
  x               3  121[BANK0 ] int 
  y               3  124[BANK0 ] int 
 Auto vars:     Size  Location     Type
  yi              4  135[BANK0 ] unsigned long 
  sign            1  134[BANK0 ] unsigned char 
 Return value:  Size  Location     Type
                  3  121[BANK0 ] unsigned char 
 Registers used:
		wreg, fsr0l, fsr0h, fsr1l, fsr1h, fsr2l, fsr2h, status,2, status,0, pclat, tosl, structret, tblptrl, tblptrh, tblptru, prodl, prodh, bsr, cstack
 Tracked objects:
		On entry : 
		On exit  : 
		Unchanged: 
 Data sizes:     COMRAM   BANK0   BANK1   BANK2   BANK3   BANK4   BANK5   BANK6   BANK7
      Params:         0       6       0       0       0       0       0       0       0
      Locals:         0      11       0       0       0       0       0       0       0
      Temps:          0       1       0       0       0       0       0       0       0
      Totals:         0      18       0       0       0       0       0       0       0
Total ram usage:       18 bytes
 Hardware stack levels used:    1
 Hardware stack levels required when called:    9
 This function calls:
		___ftge
		___fttol
		___lltoft
		___ftneg
		_log
		___ftmul
		_exp
 This function is called by:
		_write_disp_long
		_write_disp_double
 This function uses a non-reentrant model


 *************** function _fabs *****************
 Defined at:
		line 5 in file "/opt/microchip/xc8/v1.12/sources/fabs.c"
 Parameters:    Size  Location     Type
  d               3   84[BANK0 ] unsigned char 
 Auto vars:     Size  Location     Type
		None
 Return value:  Size  Location     Type
                  3   84[BANK0 ] unsigned char 
 Registers used:
		wreg, status,2, status,0, cstack
 Tracked objects:
		On entry : 
		On exit  : 
		Unchanged: 
 Data sizes:     COMRAM   BANK0   BANK1   BANK2   BANK3   BANK4   BANK5   BANK6   BANK7
      Params:         0       3       0       0       0       0       0       0       0
      Locals:         0       0       0       0       0       0       0       0       0
      Temps:          0       0       0       0       0       0       0       0       0
      Totals:         0       3       0       0       0       0       0       0       0
Total ram usage:        3 bytes
 Hardware stack levels used:    1
 Hardware stack levels required when called:    5
 This function calls:
		___ftneg
 This function is called by:
		_write_disp_double
 This function uses a non-reentrant model


 *************** function _log10 *****************
 Defined at:
		line 40 in file "/opt/microchip/xc8/v1.12/sources/log.c"
 Parameters:    Size  Location     Type
  x               3   57[BANK0 ] unsigned char 
 Auto vars:     Size  Location     Type
		None
 Return value:  Size  Location     Type
                  3   57[BANK0 ] unsigned char 
 Registers used:
		wreg, fsr0l, fsr0h, fsr1l, fsr1h, fsr2l, fsr2h, status,2, status,0, pclat, tosl, structret, tblptrl, tblptrh, tblptru, prodl, prodh, bsr, cstack
 Tracked objects:
		On entry : 
		On exit  : 
		Unchanged: 
 Data sizes:     COMRAM   BANK0   BANK1   BANK2   BANK3   BANK4   BANK5   BANK6   BANK7
      Params:         0       3       0       0       0       0       0       0       0
      Locals:         0       6       0       0       0       0       0       0       0
      Temps:          0       0       0       0       0       0       0       0       0
      Totals:         0       9       0       0       0       0       0       0       0
Total ram usage:        9 bytes
 Hardware stack levels used:    1
 Hardware stack levels required when called:    8
 This function calls:
		_log
		___ftmul
 This function is called by:
		_write_disp_double
 This function uses a non-reentrant model


 *************** function _out_bit *****************
 Defined at:
		line 190 in file "LED_disp.c"
 Parameters:    Size  Location     Type
  b               1    2[BANK0 ] unsigned char 
 Auto vars:     Size  Location     Type
		None
 Return value:  Size  Location     Type
		None               void
 Registers used:
		wreg, status,2, status,0, cstack
 Tracked objects:
		On entry : 
		On exit  : 
		Unchanged: 
 Data sizes:     COMRAM   BANK0   BANK1   BANK2   BANK3   BANK4   BANK5   BANK6   BANK7
      Params:         0       1       0       0       0       0       0       0       0
      Locals:         0       0       0       0       0       0       0       0       0
      Temps:          0       0       0       0       0       0       0       0       0
      Totals:         0       1       0       0       0       0       0       0       0
Total ram usage:        1 bytes
 Hardware stack levels used:    1
 Hardware stack levels required when called:    5
 This function calls:
		_pause
 This function is called by:
		_write
 This function uses a non-reentrant model


 *************** function _pause *****************
 Defined at:
		line 22 in file "LED_disp.c"
 Parameters:    Size  Location     Type
		None
 Auto vars:     Size  Location     Type
  i               2    0[BANK0 ] unsigned int 
 Return value:  Size  Location     Type
		None               void
 Registers used:
		wreg, status,2, status,0
 Tracked objects:
		On entry : 
		On exit  : 
		Unchanged: 
 Data sizes:     COMRAM   BANK0   BANK1   BANK2   BANK3   BANK4   BANK5   BANK6   BANK7
      Params:         0       0       0       0       0       0       0       0       0
      Locals:         0       2       0       0       0       0       0       0       0
      Temps:          0       0       0       0       0       0       0       0       0
      Totals:         0       2       0       0       0       0       0       0       0
Total ram usage:        2 bytes
 Hardware stack levels used:    1
 Hardware stack levels required when called:    4
 This function calls:
		Nothing
 This function is called by:
		_out_bit
		_write
 This function uses a non-reentrant model


 *************** function ___abtoft *****************
 Defined at:
		line 34 in file "/opt/microchip/xc8/v1.12/sources/abtoft.c"
 Parameters:    Size  Location     Type
  c               1    8[BANK0 ] char 
 Auto vars:     Size  Location     Type
  f1              3    0        float 
  sign            1   13[BANK0 ] unsigned char 
 Return value:  Size  Location     Type
                  3    8[BANK0 ] float 
 Registers used:
		wreg, status,2, status,0, cstack
 Tracked objects:
		On entry : 
		On exit  : 
		Unchanged: 
 Data sizes:     COMRAM   BANK0   BANK1   BANK2   BANK3   BANK4   BANK5   BANK6   BANK7
      Params:         0       3       0       0       0       0       0       0       0
      Locals:         0       2       0       0       0       0       0       0       0
      Temps:          0       1       0       0       0       0       0       0       0
      Totals:         0       6       0       0       0       0       0       0       0
Total ram usage:        6 bytes
 Hardware stack levels used:    1
 Hardware stack levels required when called:    5
 This function calls:
		___ftpack
 This function is called by:
		_write_disp_double
 This function uses a non-reentrant model


 *************** function ___lldiv *****************
 Defined at:
		line 10 in file "/opt/microchip/xc8/v1.12/sources/lldiv.c"
 Parameters:    Size  Location     Type
  dividend        4  139[BANK0 ] unsigned long 
  divisor         4  143[BANK0 ] unsigned long 
 Auto vars:     Size  Location     Type
  quotient        4  148[BANK0 ] unsigned long 
  counter         1  152[BANK0 ] unsigned char 
 Return value:  Size  Location     Type
                  4  139[BANK0 ] unsigned long 
 Registers used:
		wreg, status,2, status,0
 Tracked objects:
		On entry : 
		On exit  : 
		Unchanged: 
 Data sizes:     COMRAM   BANK0   BANK1   BANK2   BANK3   BANK4   BANK5   BANK6   BANK7
      Params:         0       8       0       0       0       0       0       0       0
      Locals:         0       5       0       0       0       0       0       0       0
      Temps:          0       1       0       0       0       0       0       0       0
      Totals:         0      14       0       0       0       0       0       0       0
Total ram usage:       14 bytes
 Hardware stack levels used:    1
 Hardware stack levels required when called:    4
 This function calls:
		Nothing
 This function is called by:
		_write_disp_long
 This function uses a non-reentrant model


 *************** function ___llmod *****************
 Defined at:
		line 10 in file "/opt/microchip/xc8/v1.12/sources/llmod.c"
 Parameters:    Size  Location     Type
  dividend        4    0[BANK1 ] unsigned long 
  divisor         4    4[BANK1 ] unsigned long 
 Auto vars:     Size  Location     Type
  counter         1  154[BANK0 ] unsigned char 
 Return value:  Size  Location     Type
                  4    0[BANK1 ] unsigned long 
 Registers used:
		wreg, status,2, status,0
 Tracked objects:
		On entry : 
		On exit  : 
		Unchanged: 
 Data sizes:     COMRAM   BANK0   BANK1   BANK2   BANK3   BANK4   BANK5   BANK6   BANK7
      Params:         0       0       8       0       0       0       0       0       0
      Locals:         0       1       0       0       0       0       0       0       0
      Temps:          0       1       0       0       0       0       0       0       0
      Totals:         0       2       8       0       0       0       0       0       0
Total ram usage:       10 bytes
 Hardware stack levels used:    1
 Hardware stack levels required when called:    4
 This function calls:
		Nothing
 This function is called by:
		_write_disp_long
 This function uses a non-reentrant model


 *************** function ___lltoft *****************
 Defined at:
		line 36 in file "/opt/microchip/xc8/v1.12/sources/lltoft.c"
 Parameters:    Size  Location     Type
  c               4    8[BANK0 ] unsigned long 
 Auto vars:     Size  Location     Type
  exp             1   16[BANK0 ] unsigned char 
 Return value:  Size  Location     Type
                  3    8[BANK0 ] float 
 Registers used:
		wreg, status,2, status,0, cstack
 Tracked objects:
		On entry : 
		On exit  : 
		Unchanged: 
 Data sizes:     COMRAM   BANK0   BANK1   BANK2   BANK3   BANK4   BANK5   BANK6   BANK7
      Params:         0       4       0       0       0       0       0       0       0
      Locals:         0       1       0       0       0       0       0       0       0
      Temps:          0       4       0       0       0       0       0       0       0
      Totals:         0       9       0       0       0       0       0       0       0
Total ram usage:        9 bytes
 Hardware stack levels used:    1
 Hardware stack levels required when called:    5
 This function calls:
		___ftpack
 This function is called by:
		_pow
 This function uses a non-reentrant model


 *************** function _log *****************
 Defined at:
		line 6 in file "/opt/microchip/xc8/v1.12/sources/log.c"
 Parameters:    Size  Location     Type
  x               3   52[BANK0 ] float 
 Auto vars:     Size  Location     Type
  exponent        2   55[BANK0 ] int 
 Return value:  Size  Location     Type
                  3   52[BANK0 ] int 
 Registers used:
		wreg, fsr0l, fsr0h, fsr1l, fsr1h, fsr2l, fsr2h, status,2, status,0, pclat, tosl, structret, tblptrl, tblptrh, tblptru, prodl, prodh, bsr, cstack
 Tracked objects:
		On entry : 
		On exit  : 
		Unchanged: 
 Data sizes:     COMRAM   BANK0   BANK1   BANK2   BANK3   BANK4   BANK5   BANK6   BANK7
      Params:         0       3       0       0       0       0       0       0       0
      Locals:         0       2       0       0       0       0       0       0       0
      Temps:          0       0       0       0       0       0       0       0       0
      Totals:         0       5       0       0       0       0       0       0       0
Total ram usage:        5 bytes
 Hardware stack levels used:    1
 Hardware stack levels required when called:    7
 This function calls:
		_frexp
		___ftmul
		___ftadd
		_eval_poly
		___awtoft
 This function is called by:
		_log10
		_pow
 This function uses a non-reentrant model


 *************** function _exp *****************
 Defined at:
		line 13 in file "/opt/microchip/xc8/v1.12/sources/exp.c"
 Parameters:    Size  Location     Type
  x               3  112[BANK0 ] int 
 Auto vars:     Size  Location     Type
  exponent        2  118[BANK0 ] int 
  sign            1  120[BANK0 ] unsigned char 
 Return value:  Size  Location     Type
                  3  112[BANK0 ] unsigned char 
 Registers used:
		wreg, fsr2l, fsr2h, status,2, status,0, tblptrl, tblptrh, tblptru, cstack
 Tracked objects:
		On entry : 
		On exit  : 
		Unchanged: 
 Data sizes:     COMRAM   BANK0   BANK1   BANK2   BANK3   BANK4   BANK5   BANK6   BANK7
      Params:         0       3       0       0       0       0       0       0       0
      Locals:         0       6       0       0       0       0       0       0       0
      Temps:          0       0       0       0       0       0       0       0       0
      Totals:         0       9       0       0       0       0       0       0       0
Total ram usage:        9 bytes
 Hardware stack levels used:    1
 Hardware stack levels required when called:    8
 This function calls:
		___ftge
		___ftneg
		___asftmul
		_floor
		___fttol
		___awtoft
		___asftsub
		_eval_poly
		_ldexp
		___ftdiv
 This function is called by:
		_pow
 This function uses a non-reentrant model


 *************** function ___ftdiv *****************
 Defined at:
		line 50 in file "/opt/microchip/xc8/v1.12/sources/ftdiv.c"
 Parameters:    Size  Location     Type
  f1              3   14[BANK0 ] float 
  f2              3   17[BANK0 ] float 
 Auto vars:     Size  Location     Type
  f3              3   32[BANK0 ] float 
  sign            1   36[BANK0 ] unsigned char 
  exp             1   35[BANK0 ] unsigned char 
  cntr            1   31[BANK0 ] unsigned char 
 Return value:  Size  Location     Type
                  3   14[BANK0 ] float 
 Registers used:
		wreg, status,2, status,0, cstack
 Tracked objects:
		On entry : 
		On exit  : 
		Unchanged: 
 Data sizes:     COMRAM   BANK0   BANK1   BANK2   BANK3   BANK4   BANK5   BANK6   BANK7
      Params:         0       6       0       0       0       0       0       0       0
      Locals:         0      12       0       0       0       0       0       0       0
      Temps:          0       5       0       0       0       0       0       0       0
      Totals:         0      23       0       0       0       0       0       0       0
Total ram usage:       23 bytes
 Hardware stack levels used:    1
 Hardware stack levels required when called:    5
 This function calls:
		___ftpack
 This function is called by:
		_write_disp_double
		_exp
 This function uses a non-reentrant model


 *************** function ___ftneg *****************
 Defined at:
		line 16 in file "/opt/microchip/xc8/v1.12/sources/ftneg.c"
 Parameters:    Size  Location     Type
  f1              3   81[BANK0 ] float 
 Auto vars:     Size  Location     Type
		None
 Return value:  Size  Location     Type
                  3   81[BANK0 ] float 
 Registers used:
		wreg, status,2, status,0
 Tracked objects:
		On entry : 
		On exit  : 
		Unchanged: 
 Data sizes:     COMRAM   BANK0   BANK1   BANK2   BANK3   BANK4   BANK5   BANK6   BANK7
      Params:         0       3       0       0       0       0       0       0       0
      Locals:         0       0       0       0       0       0       0       0       0
      Temps:          0       0       0       0       0       0       0       0       0
      Totals:         0       3       0       0       0       0       0       0       0
Total ram usage:        3 bytes
 Hardware stack levels used:    1
 Hardware stack levels required when called:    4
 This function calls:
		Nothing
 This function is called by:
		_write_disp_double
		_fabs
		_pow
		_exp
 This function uses a non-reentrant model


 *************** function _eval_poly *****************
 Defined at:
		line 5 in file "/opt/microchip/xc8/v1.12/sources/evalpoly.c"
 Parameters:    Size  Location     Type
  x               3   37[BANK0 ] float 
  d               2   40[BANK0 ] PTR const 
		 -> exp@coeff(30), log@coeff(27), 
  n               2   42[BANK0 ] int 
 Auto vars:     Size  Location     Type
  res             3   49[BANK0 ] int 
 Return value:  Size  Location     Type
                  3   37[BANK0 ] int 
 Registers used:
		wreg, status,2, status,0, tblptrl, tblptrh, tblptru, cstack
 Tracked objects:
		On entry : 
		On exit  : 
		Unchanged: 
 Data sizes:     COMRAM   BANK0   BANK1   BANK2   BANK3   BANK4   BANK5   BANK6   BANK7
      Params:         0       7       0       0       0       0       0       0       0
      Locals:         0       3       0       0       0       0       0       0       0
      Temps:          0       5       0       0       0       0       0       0       0
      Totals:         0      15       0       0       0       0       0       0       0
Total ram usage:       15 bytes
 Hardware stack levels used:    1
 Hardware stack levels required when called:    6
 This function calls:
		___wmul
		___ftmul
		___ftadd
 This function is called by:
		_log
		_exp
 This function uses a non-reentrant model


 *************** function ___wmul *****************
 Defined at:
		line 3 in file "/opt/microchip/xc8/v1.12/sources/wmul.c"
 Parameters:    Size  Location     Type
  multiplier      2    0[BANK0 ] unsigned int 
  multiplicand    2    2[BANK0 ] unsigned int 
 Auto vars:     Size  Location     Type
  product         2    4[BANK0 ] unsigned int 
 Return value:  Size  Location     Type
                  2    0[BANK0 ] unsigned int 
 Registers used:
		wreg, status,2, status,0
 Tracked objects:
		On entry : 
		On exit  : 
		Unchanged: 
 Data sizes:     COMRAM   BANK0   BANK1   BANK2   BANK3   BANK4   BANK5   BANK6   BANK7
      Params:         0       4       0       0       0       0       0       0       0
      Locals:         0       2       0       0       0       0       0       0       0
      Temps:          0       0       0       0       0       0       0       0       0
      Totals:         0       6       0       0       0       0       0       0       0
Total ram usage:        6 bytes
 Hardware stack levels used:    1
 Hardware stack levels required when called:    4
 This function calls:
		Nothing
 This function is called by:
		_write_disp
		_eval_poly
 This function uses a non-reentrant model


 *************** function ___asftmul *****************
 Defined at:
		line 5 in file "../common/asftmul.c"
 Parameters:    Size  Location     Type
  f1p             2   37[BANK0 ] PTR float 
		 -> exp@x(3), 
  f2              3   39[BANK0 ] float 
 Auto vars:     Size  Location     Type
		None
 Return value:  Size  Location     Type
                  3   37[BANK0 ] float 
 Registers used:
		wreg, fsr2l, fsr2h, status,2, status,0, cstack
 Tracked objects:
		On entry : 
		On exit  : 
		Unchanged: 
 Data sizes:     COMRAM   BANK0   BANK1   BANK2   BANK3   BANK4   BANK5   BANK6   BANK7
      Params:         0       5       0       0       0       0       0       0       0
      Locals:         0       0       0       0       0       0       0       0       0
      Temps:          0       0       0       0       0       0       0       0       0
      Totals:         0       5       0       0       0       0       0       0       0
Total ram usage:        5 bytes
 Hardware stack levels used:    1
 Hardware stack levels required when called:    6
 This function calls:
		___ftmul
 This function is called by:
		_exp
 This function uses a non-reentrant model


 *************** function ___ftmul *****************
 Defined at:
		line 52 in file "/opt/microchip/xc8/v1.12/sources/ftmul.c"
 Parameters:    Size  Location     Type
  f1              3   14[BANK0 ] float 
  f2              3   17[BANK0 ] float 
 Auto vars:     Size  Location     Type
[...]
      Temps:          0       4       0       0       0       0       0       0       0
      Totals:         0      10       0       0       0       0       0       0       0
Total ram usage:       10 bytes
 Hardware stack levels used:    1
 Hardware stack levels required when called:    5
 This function calls:
		___ftpack
 This function is called by:
		_floor
 This function uses a non-reentrant model


 *************** function ___ftadd *****************
 Defined at:
		line 87 in file "/opt/microchip/xc8/v1.12/sources/ftadd.c"
 Parameters:    Size  Location     Type
  f1              3   84[BANK0 ] float 
  f2              3   87[BANK0 ] float 
 Auto vars:     Size  Location     Type
  exp1            1  100[BANK0 ] unsigned char 
  exp2            1   99[BANK0 ] unsigned char 
  sign            1   98[BANK0 ] unsigned char 
 Return value:  Size  Location     Type
                  3   84[BANK0 ] float 
 Registers used:
		wreg, status,2, status,0, cstack
 Tracked objects:
		On entry : 
		On exit  : 
		Unchanged: 
 Data sizes:     COMRAM   BANK0   BANK1   BANK2   BANK3   BANK4   BANK5   BANK6   BANK7
      Params:         0       6       0       0       0       0       0       0       0
      Locals:         0       6       0       0       0       0       0       0       0
      Temps:          0       5       0       0       0       0       0       0       0
      Totals:         0      17       0       0       0       0       0       0       0
Total ram usage:       17 bytes
 Hardware stack levels used:    1
 Hardware stack levels required when called:    5
 This function calls:
		___ftpack
 This function is called by:
		_write_disp_double
		___ftsub
		_log
		_eval_poly
		_floor
 This function uses a non-reentrant model


 *************** function ___ftge *****************
 Defined at:
		line 5 in file "/opt/microchip/xc8/v1.12/sources/ftge.c"
 Parameters:    Size  Location     Type
  ff1             3    0[BANK0 ] float 
  ff2             3    3[BANK0 ] float 
 Auto vars:     Size  Location     Type
		None
 Return value:  Size  Location     Type
		None               void
 Registers used:
		wreg, status,2, status,0
 Tracked objects:
		On entry : 
		On exit  : 
		Unchanged: 
 Data sizes:     COMRAM   BANK0   BANK1   BANK2   BANK3   BANK4   BANK5   BANK6   BANK7
      Params:         0       6       0       0       0       0       0       0       0
      Locals:         0       0       0       0       0       0       0       0       0
      Temps:          0       3       0       0       0       0       0       0       0
      Totals:         0       9       0       0       0       0       0       0       0
Total ram usage:        9 bytes
 Hardware stack levels used:    1
 Hardware stack levels required when called:    4
 This function calls:
		Nothing
 This function is called by:
		_pow
		_exp
		_floor
 This function uses a non-reentrant model


 *************** function _ldexp *****************
 Defined at:
		line 278 in file "/opt/microchip/xc8/v1.12/sources/frexp.c"
 Parameters:    Size  Location     Type
  value           3   52[BANK0 ] float 
  newexp          2   55[BANK0 ] int 
 Auto vars:     Size  Location     Type
		None
 Return value:  Size  Location     Type
                  3   52[BANK0 ] int 
 Registers used:
		wreg, status,2, status,0
 Tracked objects:
		On entry : 
		On exit  : 
		Unchanged: 
 Data sizes:     COMRAM   BANK0   BANK1   BANK2   BANK3   BANK4   BANK5   BANK6   BANK7
      Params:         0       5       0       0       0       0       0       0       0
      Locals:         0       0       0       0       0       0       0       0       0
      Temps:          0       3       0       0       0       0       0       0       0
      Totals:         0       8       0       0       0       0       0       0       0
Total ram usage:        8 bytes
 Hardware stack levels used:    1
 Hardware stack levels required when called:    4
 This function calls:
		Nothing
 This function is called by:
		_exp
 This function uses a non-reentrant model


 *************** function ___ftpack *****************
 Defined at:
		line 63 in file "/opt/microchip/xc8/v1.12/sources/float.c"
 Parameters:    Size  Location     Type
  arg             3    0[BANK0 ] unsigned um
  exp             1    3[BANK0 ] unsigned char 
  sign            1    4[BANK0 ] unsigned char 
 Auto vars:     Size  Location     Type
		None
 Return value:  Size  Location     Type
                  3    0[BANK0 ] float 
 Registers used:
		wreg, status,2, status,0
 Tracked objects:
		On entry : 
		On exit  : 
		Unchanged: 
 Data sizes:     COMRAM   BANK0   BANK1   BANK2   BANK3   BANK4   BANK5   BANK6   BANK7
      Params:         0       5       0       0       0       0       0       0       0
      Locals:         0       0       0       0       0       0       0       0       0
      Temps:          0       3       0       0       0       0       0       0       0
      Totals:         0       8       0       0       0       0       0       0       0
Total ram usage:        8 bytes
 Hardware stack levels used:    1
 Hardware stack levels required when called:    4
 This function calls:
		Nothing
 This function is called by:
		___abtoft
		___altoft
		___awtoft
		___ftadd
		___ftdiv
		___ftmul
		___lltoft
 This function uses a non-reentrant model


 *************** function ___awtoft *****************
 Defined at:
		line 33 in file "/opt/microchip/xc8/v1.12/sources/awtoft.c"
 Parameters:    Size  Location     Type
  c               2    8[BANK0 ] int 
 Auto vars:     Size  Location     Type
  sign            1   13[BANK0 ] unsigned char 
 Return value:  Size  Location     Type
                  3    8[BANK0 ] float 
 Registers used:
		wreg, status,2, status,0, cstack
 Tracked objects:
		On entry : 
		On exit  : 
		Unchanged: 
 Data sizes:     COMRAM   BANK0   BANK1   BANK2   BANK3   BANK4   BANK5   BANK6   BANK7
      Params:         0       3       0       0       0       0       0       0       0
      Locals:         0       2       0       0       0       0       0       0       0
      Temps:          0       1       0       0       0       0       0       0       0
      Totals:         0       6       0       0       0       0       0       0       0
Total ram usage:        6 bytes
 Hardware stack levels used:    1
 Hardware stack levels required when called:    5
 This function calls:
		___ftpack
 This function is called by:
		_write_disp_long
		_write_disp_double
		_log
		_exp
 This function uses a non-reentrant model


 *************** function ___fttol *****************
 Defined at:
		line 45 in file "/opt/microchip/xc8/v1.12/sources/fttol.c"
 Parameters:    Size  Location     Type
  f1              3   66[BANK0 ] float 
 Auto vars:     Size  Location     Type
  lval            4   76[BANK0 ] unsigned long 
  exp1            1   80[BANK0 ] unsigned char 
  sign1           1   75[BANK0 ] unsigned char 
 Return value:  Size  Location     Type
                  4   66[BANK0 ] long 
 Registers used:
		wreg, status,2, status,0
 Tracked objects:
		On entry : 
		On exit  : 
		Unchanged: 
 Data sizes:     COMRAM   BANK0   BANK1   BANK2   BANK3   BANK4   BANK5   BANK6   BANK7
      Params:         0       4       0       0       0       0       0       0       0
      Locals:         0       6       0       0       0       0       0       0       0
      Temps:          0       5       0       0       0       0       0       0       0
      Totals:         0      15       0       0       0       0       0       0       0
Total ram usage:       15 bytes
 Hardware stack levels used:    1
 Hardware stack levels required when called:    4
 This function calls:
		Nothing
 This function is called by:
		_write_disp_long
		_write_disp_double
		_pow
		_exp
		_floor
		_measure
 This function uses a non-reentrant model


 *************** function _frexp *****************
 Defined at:
		line 255 in file "/opt/microchip/xc8/v1.12/sources/frexp.c"
 Parameters:    Size  Location     Type
  value           3    0[BANK0 ] long 
  eptr            2    3[BANK0 ] PTR int 
		 -> floor@expon(2), log@exponent(2), 
 Auto vars:     Size  Location     Type
		None
 Return value:  Size  Location     Type
                  3    0[BANK0 ] PTR int 
 Registers used:
		wreg, fsr2l, fsr2h, status,2, status,0
 Tracked objects:
		On entry : 
		On exit  : 
		Unchanged: 
 Data sizes:     COMRAM   BANK0   BANK1   BANK2   BANK3   BANK4   BANK5   BANK6   BANK7
      Params:         0       5       0       0       0       0       0       0       0
      Locals:         0       0       0       0       0       0       0       0       0
      Temps:          0       3       0       0       0       0       0       0       0
      Totals:         0       8       0       0       0       0       0       0       0
Total ram usage:        8 bytes
 Hardware stack levels used:    1
 Hardware stack levels required when called:    4
 This function calls:
		Nothing
 This function is called by:
		_log
		_floor
 This function uses a non-reentrant model


 *************** function _ISR *****************
 Defined at:
		line 231 in file "lc_meter.c"
 Parameters:    Size  Location     Type
		None
 Auto vars:     Size  Location     Type
		None
 Return value:  Size  Location     Type
		None               void
 Registers used:
		wreg, status,2, status,0, cstack
 Tracked objects:
		On entry : 
		On exit  : 
		Unchanged: 
 Data sizes:     COMRAM   BANK0   BANK1   BANK2   BANK3   BANK4   BANK5   BANK6   BANK7
      Params:         0       0       0       0       0       0       0       0       0
      Locals:         0       0       0       0       0       0       0       0       0
      Temps:         15       0       0       0       0       0       0       0       0
      Totals:        15       0       0       0       0       0       0       0       0
Total ram usage:       15 bytes
 Hardware stack levels used:    1
 Hardware stack levels required when called:    3
 This function calls:
		_calibrate
 This function is called by:
		Interrupt level 2
 This function uses a non-reentrant model


 *************** function _calibrate *****************
 Defined at:
		line 203 in file "lc_meter.c"
 Parameters:    Size  Location     Type
		None
 Auto vars:     Size  Location     Type
		None
 Return value:  Size  Location     Type
		None               void
 Registers used:
		wreg, status,2, status,0, cstack
 Tracked objects:
		On entry : 
		On exit  : 
		Unchanged: 
 Data sizes:     COMRAM   BANK0   BANK1   BANK2   BANK3   BANK4   BANK5   BANK6   BANK7
      Params:         0       0       0       0       0       0       0       0       0
      Locals:         0       0       0       0       0       0       0       0       0
      Temps:          4       0       0       0       0       0       0       0       0
      Totals:         4       0       0       0       0       0       0       0       0
Total ram usage:        4 bytes
 Hardware stack levels used:    1
 Hardware stack levels required when called:    2
 This function calls:
		i2___lltoft
		i2___ftdiv
 This function is called by:
		_ISR
 This function uses a non-reentrant model


 *************** function i2___ftdiv *****************
 Defined at:
		line 50 in file "/opt/microchip/xc8/v1.12/sources/ftdiv.c"
 Parameters:    Size  Location     Type
  __ftdiv         3   17[COMRAM] float 
  __ftdiv         3   20[COMRAM] float 
 Auto vars:     Size  Location     Type
  __ftdiv         3   29[COMRAM] float 
  __ftdiv         1   33[COMRAM] unsigned char 
  __ftdiv         1   32[COMRAM] unsigned char 
  __ftdiv         1   28[COMRAM] unsigned char 
 Return value:  Size  Location     Type
                  3   17[COMRAM] float 
 Registers used:
		wreg, status,2, status,0, cstack
 Tracked objects:
		On entry : 
		On exit  : 
		Unchanged: 
 Data sizes:     COMRAM   BANK0   BANK1   BANK2   BANK3   BANK4   BANK5   BANK6   BANK7
      Params:         6       0       0       0       0       0       0       0       0
      Locals:         6       0       0       0       0       0       0       0       0
      Temps:          5       0       0       0       0       0       0       0       0
      Totals:        17       0       0       0       0       0       0       0       0
Total ram usage:       17 bytes
 Hardware stack levels used:    1
 Hardware stack levels required when called:    1
 This function calls:
		i2___ftpack
 This function is called by:
		_calibrate
 This function uses a non-reentrant model


 *************** function i2___lltoft *****************
 Defined at:
		line 36 in file "/opt/microchip/xc8/v1.12/sources/lltoft.c"
 Parameters:    Size  Location     Type
  __lltoft        4    8[COMRAM] unsigned long 
 Auto vars:     Size  Location     Type
  __lltoft        1   16[COMRAM] unsigned char 
 Return value:  Size  Location     Type
                  3    8[COMRAM] float 
 Registers used:
		wreg, status,2, status,0, cstack
 Tracked objects:
		On entry : 
		On exit  : 
		Unchanged: 
 Data sizes:     COMRAM   BANK0   BANK1   BANK2   BANK3   BANK4   BANK5   BANK6   BANK7
      Params:         4       0       0       0       0       0       0       0       0
      Locals:         1       0       0       0       0       0       0       0       0
      Temps:          4       0       0       0       0       0       0       0       0
      Totals:         9       0       0       0       0       0       0       0       0
Total ram usage:        9 bytes
 Hardware stack levels used:    1
 Hardware stack levels required when called:    1
 This function calls:
		i2___ftpack
 This function is called by:
		_calibrate
 This function uses a non-reentrant model


 *************** function i2___ftpack *****************
 Defined at:
		line 63 in file "/opt/microchip/xc8/v1.12/sources/float.c"
 Parameters:    Size  Location     Type
  __ftpack        3    0[COMRAM] unsigned um
  __ftpack        1    3[COMRAM] unsigned char 
  __ftpack        1    4[COMRAM] unsigned char 
 Auto vars:     Size  Location     Type
		None
 Return value:  Size  Location     Type
                  3    0[COMRAM] float 
 Registers used:
		wreg, status,2, status,0
 Tracked objects:
		On entry : 
		On exit  : 
		Unchanged: 
 Data sizes:     COMRAM   BANK0   BANK1   BANK2   BANK3   BANK4   BANK5   BANK6   BANK7
      Params:         5       0       0       0       0       0       0       0       0
      Locals:         0       0       0       0       0       0       0       0       0
      Temps:          3       0       0       0       0       0       0       0       0
      Totals:         8       0       0       0       0       0       0       0       0
Total ram usage:        8 bytes
 Hardware stack levels used:    1
 This function calls:
		Nothing
 This function is called by:
		i2___ftdiv
		i2___lltoft
 This function uses a non-reentrant model



MODULE INFORMATION

Module		Function		Class		Link	Load	Size
/opt/microchip/xc8/v1.12/sources/pow.c
		_pow           		CODE           	1DEC	0000	556

/opt/microchip/xc8/v1.12/sources/pow.c estimated size: 556

/opt/microchip/xc8/v1.12/sources/fabs.c
		_fabs          		CODE           	3B88	0000	82

/opt/microchip/xc8/v1.12/sources/fabs.c estimated size: 82

/opt/microchip/xc8/v1.12/sources/awtoft.c
		___awtoft      		CODE           	389A	0000	124

/opt/microchip/xc8/v1.12/sources/awtoft.c estimated size: 124

/opt/microchip/xc8/v1.12/sources/llmod.c
		___llmod       		CODE           	33FE	0000	236

/opt/microchip/xc8/v1.12/sources/llmod.c estimated size: 236

/opt/microchip/xc8/v1.12/sources/lltoft.c
		___lltoft      		CODE           	375A	0000	168

/opt/microchip/xc8/v1.12/sources/lltoft.c estimated size: 168

/opt/microchip/xc8/v1.12/sources/evalpoly.c
		_eval_poly     		CODE           	2D88	0000	300

/opt/microchip/xc8/v1.12/sources/evalpoly.c estimated size: 300

LED_disp.c
		_init_disp     		CODE           	3802	0000	152
		_write_disp    		CODE           	087A	0000	2154
		_set_brightness		CODE           	3D80	0000	28
		_write_disp_dou		CODE           	10E4	0000	1008
		_test_display  		CODE           	3D9C	0000	28
		_pause         		CODE           	3D50	0000	48
		_write         		CODE           	36A8	0000	178
		_write_disp_lon		CODE           	1B42	0000	682
		_out_bit       		CODE           	3D20	0000	48

LED_disp.c estimated size: 4326

/opt/microchip/xc8/v1.12/sources/ftdiv.c
		___ftdiv       		CODE           	2242	0000	502

/opt/microchip/xc8/v1.12/sources/ftdiv.c estimated size: 502

/opt/microchip/xc8/v1.12/sources/lldiv.c
		___lldiv       		CODE           	2EB4	0000	288

/opt/microchip/xc8/v1.12/sources/lldiv.c estimated size: 288

/opt/microchip/xc8/v1.12/sources/ftsub.c
		___ftsub       		CODE           	3C66	0000	70

/opt/microchip/xc8/v1.12/sources/ftsub.c estimated size: 70

/opt/microchip/xc8/v1.12/sources/ftneg.c
		___ftneg       		CODE           	3CAC	0000	62

/opt/microchip/xc8/v1.12/sources/ftneg.c estimated size: 62

lc_meter.c
		_ISR           		CODE           	0008	0000	11648
		_main          		CODE           	3916	0000	114
		_config        		CODE           	3AD0	0000	96
		_calibrate     		CODE           	30F2	0000	278

lc_meter.c estimated size: 12136

shared
		exp@coeff      		SMALLCONST     	0835	0000	30
		__stringdata   		SMALLCONST     	086E	0000	11
		_num_to_char   		SMALLCONST     	082B	0000	10
		i2___ftdiv     		CODE           	2FD4	0000	286
		_lcd_font      		SMALLCONST     	0800	0000	43
		i2___ftpack    		CODE           	3310	0000	238
		__initializatio		CODE           	3DB8	0000	12
		i2___lltoft    		CODE           	39FA	0000	110
		log@coeff      		SMALLCONST     	0853	0000	27

shared estimated size: 767

/opt/microchip/xc8/v1.12/sources/abs.c
		_abs           		CODE           	3CEA	0000	54

/opt/microchip/xc8/v1.12/sources/abs.c estimated size: 54

/opt/microchip/xc8/v1.12/sources/ftmul.c
		___ftmul       		CODE           	2018	0000	554

/opt/microchip/xc8/v1.12/sources/ftmul.c estimated size: 554

/opt/microchip/xc8/v1.12/sources/fttol.c
		___fttol       		CODE           	2438	0000	484

/opt/microchip/xc8/v1.12/sources/fttol.c estimated size: 484

/opt/microchip/xc8/v1.12/sources/floor.c
		_floor         		CODE           	2AF0	0000	336

/opt/microchip/xc8/v1.12/sources/floor.c estimated size: 336

/opt/microchip/xc8/v1.12/sources/ftge.c
		___ftge        		CODE           	3208	0000	264

/opt/microchip/xc8/v1.12/sources/ftge.c estimated size: 264

/opt/microchip/xc8/v1.12/sources/wmul.c
		___wmul        		CODE           	3A68	0000	104

/opt/microchip/xc8/v1.12/sources/wmul.c estimated size: 104

/opt/microchip/xc8/v1.12/sources/ftadd.c
		___ftadd       		CODE           	14D4	0000	952

/opt/microchip/xc8/v1.12/sources/ftadd.c estimated size: 952

/opt/microchip/xc8/v1.12/sources/float.c
		___ftpack      		CODE           	2964	0000	396

/opt/microchip/xc8/v1.12/sources/float.c estimated size: 396

../common/asftsub.c
		___asftsub     		CODE           	3C20	0000	70

../common/asftsub.c estimated size: 70

/opt/microchip/xc8/v1.12/sources/abtoft.c
		___abtoft      		CODE           	3988	0000	114

/opt/microchip/xc8/v1.12/sources/abtoft.c estimated size: 114

/opt/microchip/xc8/v1.12/sources/exp.c
		_exp           		CODE           	188C	0000	694

/opt/microchip/xc8/v1.12/sources/exp.c estimated size: 694

../common/asftmul.c
		___asftmul     		CODE           	3BDA	0000	70

../common/asftmul.c estimated size: 70

/opt/microchip/xc8/v1.12/sources/frexp.c
		_ldexp         		CODE           	27CC	0000	408
		_frexp         		CODE           	35D4	0000	212

/opt/microchip/xc8/v1.12/sources/frexp.c estimated size: 620

/opt/microchip/xc8/v1.12/sources/altoft.c
		___altoft      		CODE           	34EA	0000	234

/opt/microchip/xc8/v1.12/sources/altoft.c estimated size: 234

/opt/microchip/xc8/v1.12/sources/log.c
		_log           		CODE           	261C	0000	432
		_log10         		CODE           	3B30	0000	88

/opt/microchip/xc8/v1.12/sources/log.c estimated size: 520

