Microchip MPLAB XC8 Compiler V1.12 ()

Linker command line:

--edf=/opt/microchip/xc8/v1.12/dat/en_msgs.txt -cs \
  -h+dist/default/debug/Fish_Timer.X.debug.sym -z -Q12F675 -ol.obj \
  -Mdist/default/debug/Fish_Timer.X.debug.map -E1 -ver=XC8 \
  -ACONST=00h-0FFhx3 -ACODE=00h-02FFh -ASTRCODE=00h-02FFh \
  -AENTRY=00h-0FFhx3 -ASTRING=00h-0FFhx3 -ABANK0=020h-053h -ARAM=020h-053h \
  -AABS1=020h-05Fh -ASFR0=00h-01Fh -ASFR1=080h-0FFh \
  -preset_vec=00h,intentry=04h,init,end_init -ppowerup=CODE -pfunctab=CODE \
  -ACONFIG=02007h-02007h -pconfig=CONFIG -DCONFIG=2 -AIDLOC=02000h-02003h \
  -pidloc=IDLOC -DIDLOC=2 -AEEDATA=00h-07Fh/02100h -peeprom_data=EEDATA \
  -DEEDATA=2 -posccal=03FFh -DCODE=2 -DSTRCODE=2 -DSTRING=2 -DCONST=2 \
  -DENTRY=2 -k /tmp/cgtL53rUG.obj dist/default/debug/Fish_Timer.X.debug.obj 

Object code version is 3.10

Machine type is 12F675



                Name                               Link     Load   Length Selector   Space Scale
/tmp/cgtL53rUG.obj
                end_init                              F        F        5        8       0
                reset_vec                             0        0        2        0       0
                config                             2007     2007        1     400E       0
dist/default/debug/Fish_Timer.X.debug.obj
                intentry                              4        4        B        8       0
                text144                              FB       FB        E        8       0
                text143                             128      128        2        8       0
                text142                             123      123        3        8       0
                text141                             11B      11B        5        8       0
                text140                              AB       AB       24        8       0
                text139                              14       14       97        8       0
                text138                              ED       ED        E        8       0
                text137                             120      120        3        8       0
                text136                             126      126        2        8       0
                text135                             116      116        5        8       0
                text134                              CF       CF       1E        8       0
                maintext                            109      109        7        8       0
                cstackBANK0                          20       20        A       20       1
                bssBANK0                             2A       2A        4       20       1
                cinit                               110      110        6        8       0

TOTAL           Name                               Link     Load   Length     Space
        CLASS   CONST          

        CLASS   CODE           
                end_init                              F        F        5         0
                intentry                              4        4        B         0
                reset_vec                             0        0        2         0
                text144                              FB       FB        E         0
                text143                             128      128        2         0
                text142                             123      123        3         0
                text141                             11B      11B        5         0
                text140                              AB       AB       24         0
                text139                              14       14       97         0
                text138                              ED       ED        E         0
                text137                             120      120        3         0
                text136                             126      126        2         0
                text135                             116      116        5         0
                text134                              CF       CF       1E         0
                maintext                            109      109        7         0
                cinit                               110      110        6         0

        CLASS   STRCODE        

        CLASS   ENTRY          

        CLASS   STRING         

        CLASS   BANK0          
                cstackBANK0                          20       20        A         1
                bssBANK0                             2A       2A        4         1

        CLASS   RAM            

        CLASS   ABS1           
                abs_s1                                0        0        0         1

        CLASS   SFR0           

        CLASS   SFR1           

        CLASS   CONFIG         
                config                             2007     2007        1         0

        CLASS   IDLOC          

        CLASS   EEDATA         

        CLASS   COMMON         

        CLASS   BANK1          



SEGMENTS        Name                           Load    Length   Top    Selector   Space  Class     Delta

                reset_vec                      000000  000002  000002         0       0  CODE        2
                intentry                       000004  000126  00012A         8       0  CODE        2
                cstackBANK0                    000020  00000E  00002E        20       1  BANK0       1
                config                         002007  000001  002008      400E       0  CONFIG      2


UNUSED ADDRESS RANGES

        Name                Unused          Largest block    Delta
        BANK0            002E-0053             26           1
        CODE             0002-0003              2           2
                         012A-02FF            1D6
        CONST            0002-0003              2           2
                         012A-02FF             D6
        EEDATA           2100-217F             80           2
        ENTRY            0002-0003              2           2
                         012A-02FF             D6
        IDLOC            2000-2003              4           2
        RAM              002E-0053             26           1
        SFR0             0000-001F             20           1
        SFR1             0080-00FF             80           1
        STRCODE          0002-0003              2           2
                         012A-02FF            1D6
        STRING           0002-0003              2           2
                         012A-02FF             D6

                                  Symbol Table

_ANSEL                   (abs)       009F
_GIE                     (abs)       005F
_GPIO1                   (abs)       0029
_INTE                    (abs)       005C
_INTEDG                  (abs)       040E
_INTF                    (abs)       0059
_ISR                     text139     0014
_PEIE                    (abs)       005E
_PSA                     (abs)       040B
_T1CKPS0                 (abs)       0084
_T1CKPS1                 (abs)       0085
_TMR1                    (abs)       000E
_TMR1CS                  (abs)       0081
_TMR1GE                  (abs)       0086
_TMR1IE                  (abs)       0460
_TMR1IF                  (abs)       0060
_TMR1ON                  (abs)       0080
_TRISIO1                 (abs)       0429
_TRISIO2                 (abs)       042A
_WPU                     (abs)       0095
__CFG_BOREN$OFF          (abs)       0000
__CFG_CP$OFF             (abs)       0000
__CFG_CPD$OFF            (abs)       0000
__CFG_FOSC$HS            (abs)       0000
__CFG_PWRTE$ON           (abs)       0000
__CFG_WDTE$OFF           (abs)       0000
__Habs1                  abs1        07FE
__Hbank0                 bank0       07FE
__Hbank1                 bank1       07FE
__HbssBANK0              bssBANK0    07FE
__Hcinit                 cinit       07FE
__Hclrtext               clrtext     07FE
__Hcode                  code        07FE
__Hcommon                common      07FE
__Hconfig                config      2008
__HcstackBANK0           cstackBANK0 07FE
__Heeprom_data           eeprom_data 0000
__Hend_init              end_init    0014
__Hfunctab               functab     0000
__Hidloc                 idloc       0000
__Hinit                  init        000F
__Hintentry              intentry    000F
__Hmaintext              maintext    07FE
__Hosccal                osccal      03FF
__Hpowerup               powerup     0000
__Hram                   ram         07FE
__Hreset_vec             reset_vec   0002
__Hsfr0                  sfr0        07FE
__Hsfr1                  sfr1        07FE
__Hstrings               strings     07FE
__Htext                  text        07FE
__Labs1                  abs1        07FE
__Lbank0                 bank0       07FE
__Lbank1                 bank1       07FE
__LbssBANK0              bssBANK0    07FE
__Lcinit                 cinit       07FE
__Lclrtext               clrtext     07FE
__Lcode                  code        07FE
__Lcommon                common      07FE
__Lconfig                config      2007
__LcstackBANK0           cstackBANK0 07FE
__Leeprom_data           eeprom_data 0000
__Lend_init              end_init    000F
__Lfunctab               functab     0000
__Lidloc                 idloc       0000
__Linit                  init        000F
__Lintentry              intentry    0004
__Lmaintext              maintext    07FE
__Losccal                osccal      03FF
__Lpowerup               powerup     0000
__Lram                   ram         07FE
__Lreset_vec             reset_vec   0000
__Lsfr0                  sfr0        07FE
__Lsfr1                  sfr1        07FE
__Lstrings               strings     07FE
__Ltext                  text        07FE
__S0                     (abs)       2008
__S1                     (abs)       002E
__S2                     (abs)       0000
___osccal_val            osccal      03FF
__end_of_ISR             text139     00AB
__end_of__initialization cinit       0114
__end_of_blink           text140     00CF
__end_of_config          text134     00ED
__end_of_idle_loop       text136     0128
__end_of_main            maintext    0110
__end_of_reset           text138     00FB
__end_of_start           text135     011B
__end_of_stop            text137     0123
__end_ofi1_idle_loop     text143     012A
__end_ofi1_reset         text144     0109
__end_ofi1_start         text141     0120
__end_ofi1_stop          text142     0126
__initialization         cinit       0110
__pbssBANK0              bssBANK0    002A
__pcstackBANK0           cstackBANK0 0020
__pintentry              intentry    0004
__pmaintext              maintext    0109
__ptext133               text133     0000
__ptext134               text134     00CF
__ptext135               text135     0116
__ptext136               text136     0126
__ptext137               text137     0120
__ptext138               text138     00ED
__ptext139               text139     0014
__ptext140               text140     00AB
__ptext141               text141     011B
__ptext142               text142     0123
__ptext143               text143     0128
__ptext144               text144     00FB
__ptext145               text145     0000
__size_of_ISR            (abs)       0000
__size_of_blink          (abs)       0000
__size_of_config         (abs)       0000
__size_of_idle_loop      (abs)       0000
__size_of_main           (abs)       0000
__size_of_reset          (abs)       0000
__size_of_start          (abs)       0000
__size_of_stop           (abs)       0000
__size_ofi1_idle_loop    (abs)       0000
__size_ofi1_reset        (abs)       0000
__size_ofi1_start        (abs)       0000
__size_ofi1_stop         (abs)       0000
_blink                   text140     00AB
_config                  text134     00CF
_count                   bssBANK0    002A
_idle_loop               text136     0126
_main                    maintext    0109
_nBOD                    (abs)       0470
_nBOR                    (abs)       0470
_nGPPU                   (abs)       040F
_nPOR                    (abs)       0471
_reset                   text138     00ED
_start                   text135     0116
_stop                    text137     0120
blink@tmp                cstackBANK0 0020
btemp                    (abs)       0000
end_of_initialization    cinit       0114
i1_idle_loop             text143     0128
i1_reset                 text144     00FB
i1_start                 text141     011B
i1_stop                  text142     0123
interrupt_function       intentry    0004
intlevel0                functab     0000
intlevel1                functab     0000
intlevel2                functab     0000
intlevel3                functab     0000
intlevel4                functab     0000
intlevel5                functab     0000
reset_vec                reset_vec   0000
saved_w                  (abs)       0000
start                    init        000F
start_initialization     cinit       0110
wtemp0                   (abs)       0000


FUNCTION INFORMATION:

 *************** function _main *****************
 Defined at:
		line 44 in file "main.c"
 Parameters:    Size  Location     Type
  argc            2    6[BANK0 ] int 
  argv            2    8[BANK0 ] PTR PTR unsigned char 
 Auto vars:     Size  Location     Type
		None
 Return value:  Size  Location     Type
                  2    6[BANK0 ] int 
 Registers used:
		wreg, fsr0l, fsr0h, fsr1l, fsr1h, status,2, status,0, btemp+0, btemp+1, btemp+2, btemp+3, btemp+4, btemp+5, btemp+6, btemp+7, pclath, cstack
 Tracked objects:
		On entry : 
		On exit  : 
		Unchanged: 
 Data sizes:      BANK0
      Params:         4
      Locals:         0
      Temps:          0
      Totals:         4
Total ram usage:        4 bytes
 Hardware stack levels required when called:    5
 This function calls:
		_config
		_start
		_idle_loop
 This function is called by:
		Startup code after reset
 This function uses a non-reentrant model


 *************** function _config *****************
 Defined at:
		line 61 in file "main.c"
 Parameters:    Size  Location     Type
		None
 Auto vars:     Size  Location     Type
		None
 Return value:  Size  Location     Type
		None               void
 Registers used:
		wreg, status,2
 Tracked objects:
		On entry : 
		On exit  : 
		Unchanged: 
 Data sizes:      BANK0
      Params:         0
      Locals:         0
      Temps:          0
      Totals:         0
Total ram usage:        0 bytes
 Hardware stack levels used:    1
 Hardware stack levels required when called:    3
 This function calls:
		Nothing
 This function is called by:
		_main
 This function uses a non-reentrant model


 *************** function _start *****************
 Defined at:
		line 127 in file "main.c"
 Parameters:    Size  Location     Type
		None
 Auto vars:     Size  Location     Type
		None
 Return value:  Size  Location     Type
		None               void
 Registers used:
		wreg, fsr0l, fsr0h, fsr1l, fsr1h, status,2, status,0, btemp+0, btemp+1, btemp+2, btemp+3, btemp+4, btemp+5, btemp+6, btemp+7, pclath, cstack
 Tracked objects:
		On entry : 
		On exit  : 
		Unchanged: 
 Data sizes:      BANK0
      Params:         0
      Locals:         0
      Temps:          0
      Totals:         0
Total ram usage:        0 bytes
 Hardware stack levels used:    1
 Hardware stack levels required when called:    4
 This function calls:
		_stop
		_reset
 This function is called by:
		_main
 This function uses a non-reentrant model


 *************** function _idle_loop *****************
 Defined at:
		line 148 in file "main.c"
 Parameters:    Size  Location     Type
		None
 Auto vars:     Size  Location     Type
		None
 Return value:  Size  Location     Type
		None               void
 Registers used:
		None
 Tracked objects:
		On entry : 
		On exit  : 
		Unchanged: 
 Data sizes:      BANK0
      Params:         0
      Locals:         0
      Temps:          0
      Totals:         0
Total ram usage:        0 bytes
 Hardware stack levels used:    1
 Hardware stack levels required when called:    3
 This function calls:
		Nothing
 This function is called by:
		_main
 This function uses a non-reentrant model


 *************** function _stop *****************
 Defined at:
		line 135 in file "main.c"
 Parameters:    Size  Location     Type
		None
 Auto vars:     Size  Location     Type
		None
 Return value:  Size  Location     Type
		None               void
 Registers used:
		None
 Tracked objects:
		On entry : 
		On exit  : 
		Unchanged: 
 Data sizes:      BANK0
      Params:         0
      Locals:         0
      Temps:          0
      Totals:         0
Total ram usage:        0 bytes
 Hardware stack levels used:    1
 Hardware stack levels required when called:    3
 This function calls:
		Nothing
 This function is called by:
		_start
 This function uses a non-reentrant model


 *************** function _reset *****************
 Defined at:
		line 140 in file "main.c"
 Parameters:    Size  Location     Type
		None
 Auto vars:     Size  Location     Type
		None
 Return value:  Size  Location     Type
		None               void
 Registers used:
		wreg, status,2
 Tracked objects:
		On entry : 
		On exit  : 
		Unchanged: 
 Data sizes:      BANK0
      Params:         0
      Locals:         0
      Temps:          0
      Totals:         0
Total ram usage:        0 bytes
 Hardware stack levels used:    1
 Hardware stack levels required when called:    3
 This function calls:
		Nothing
 This function is called by:
		_start
 This function uses a non-reentrant model


 *************** function _ISR *****************
 Defined at:
		line 153 in file "main.c"
 Parameters:    Size  Location     Type
		None
 Auto vars:     Size  Location     Type
		None
 Return value:  Size  Location     Type
		None               void
 Registers used:
		wreg, status,2, status,0, btemp+0, pclath, cstack
 Tracked objects:
		On entry : 
		On exit  : 
		Unchanged: 
 Data sizes:      BANK0
      Params:         0
      Locals:         0
      Temps:          4
      Totals:         4
Total ram usage:        4 bytes
 Hardware stack levels used:    1
 Hardware stack levels required when called:    2
 This function calls:
		i1_idle_loop
		i1_stop
		i1_reset
		_blink
		i1_start
 This function is called by:
		Interrupt level 1
 This function uses a non-reentrant model


 *************** function _blink *****************
 Defined at:
		line 115 in file "main.c"
 Parameters:    Size  Location     Type
		None
 Auto vars:     Size  Location     Type
  tmp             2    0[BANK0 ] int 
 Return value:  Size  Location     Type
		None               void
 Registers used:
		wreg, status,2, btemp+0
 Tracked objects:
		On entry : 
		On exit  : 
		Unchanged: 
 Data sizes:      BANK0
      Params:         0
      Locals:         2
      Temps:          0
      Totals:         2
Total ram usage:        2 bytes
 Hardware stack levels used:    1
 This function calls:
		Nothing
 This function is called by:
		_ISR
 This function uses a non-reentrant model


 *************** function i1_start *****************
 Defined at:
		line 127 in file "main.c"
 Parameters:    Size  Location     Type
		None
 Auto vars:     Size  Location     Type
		None
 Return value:  Size  Location     Type
		None               void
 Registers used:
		wreg, status,2, status,0, pclath, cstack
 Tracked objects:
		On entry : 
		On exit  : 
		Unchanged: 
 Data sizes:      BANK0
      Params:         0
      Locals:         0
      Temps:          0
      Totals:         0
Total ram usage:        0 bytes
 Hardware stack levels used:    1
 Hardware stack levels required when called:    1
 This function calls:
		i1_stop
		i1_reset
 This function is called by:
		_ISR
 This function uses a non-reentrant model


 *************** function i1_stop *****************
 Defined at:
		line 135 in file "main.c"
 Parameters:    Size  Location     Type
		None
 Auto vars:     Size  Location     Type
		None
 Return value:  Size  Location     Type
		None               void
 Registers used:
		None
 Tracked objects:
		On entry : 
		On exit  : 
		Unchanged: 
 Data sizes:      BANK0
      Params:         0
      Locals:         0
      Temps:          0
      Totals:         0
Total ram usage:        0 bytes
 Hardware stack levels used:    1
 This function calls:
		Nothing
 This function is called by:
		_ISR
		i1_start
 This function uses a non-reentrant model


 *************** function i1_idle_loop *****************
 Defined at:
		line 148 in file "main.c"
 Parameters:    Size  Location     Type
		None
 Auto vars:     Size  Location     Type
		None
 Return value:  Size  Location     Type
		None               void
 Registers used:
		None
 Tracked objects:
		On entry : 
		On exit  : 
		Unchanged: 
 Data sizes:      BANK0
      Params:         0
      Locals:         0
      Temps:          0
      Totals:         0
Total ram usage:        0 bytes
 Hardware stack levels used:    1
 This function calls:
		Nothing
 This function is called by:
		_ISR
 This function uses a non-reentrant model


 *************** function i1_reset *****************
 Defined at:
		line 140 in file "main.c"
 Parameters:    Size  Location     Type
		None
 Auto vars:     Size  Location     Type
		None
 Return value:  Size  Location     Type
		None               void
 Registers used:
		wreg, status,2
 Tracked objects:
		On entry : 
		On exit  : 
		Unchanged: 
 Data sizes:      BANK0
      Params:         0
      Locals:         0
      Temps:          0
      Totals:         0
Total ram usage:        0 bytes
 Hardware stack levels used:    1
 This function calls:
		Nothing
 This function is called by:
		_ISR
		i1_start
 This function uses a non-reentrant model



MODULE INFORMATION

Module		Function		Class		Link	Load	Size
shared
		i1_stop        		CODE           	0123	0000	3
		i1_start       		CODE           	011B	0000	5
		__initializatio		CODE           	0110	0000	4
		i1_idle_loop   		CODE           	0128	0000	2
		i1_reset       		CODE           	00FB	0000	14

shared estimated size: 28

main.c
		_reset         		CODE           	00ED	0000	14
		_ISR           		CODE           	0014	0000	151
		_stop          		CODE           	0120	0000	3
		_main          		CODE           	0109	0000	7
		_config        		CODE           	00CF	0000	30
		_idle_loop     		CODE           	0126	0000	2
		_start         		CODE           	0116	0000	5
		_blink         		CODE           	00AB	0000	36

main.c estimated size: 248

