Microchip MPLAB XC8 Compiler V1.12 ()

Linker command line:

--edf=/opt/microchip/xc8/v1.12/dat/en_msgs.txt -cs \
  -h+dist/default/debug/LC_Meter.X.debug.sym -z -Q18F2550 -ol.obj \
  -Mdist/default/debug/LC_Meter.X.debug.map -E1 -ver=XC8 -ACODE=00h-07DBFh \
  -ACONST=00h-07DBFh -ASMALLCONST=0800h-08FFhx117,07D00h-07DBFh \
  -AMEDIUMCONST=0800h-07DBFh -ACOMRAM=01h-05Fh -AABS1=00h-03F3h,0400h-07FFh \
  -ABIGRAM=01h-03F3h,0400h-07FFh \
  -ARAM=060h-0FFh,0100h-01FFhx2,0300h-03F3h,0400h-04FFhx4 -ABANK0=060h-0FFh \
  -ABANK1=0100h-01FFh -ABANK2=0200h-02FFh -ABANK3=0300h-03F3h \
  -ABANK4=0400h-04FFh -ABANK5=0500h-05FFh -ABANK6=0600h-06FFh \
  -ABANK7=0700h-07FFh -ASFR=0F60h-0FFFh \
  -preset_vec=00h,intcode=08h,intcodelo,powerup,init,end_init \
  -pramtop=0800h -psmallconst=SMALLCONST -pmediumconst=MEDIUMCONST \
  -pconst=CONST -AFARRAM=00h-00h -ACONFIG=0300000h-030000Dh -pconfig=CONFIG \
  -AIDLOC=0200000h-0200007h -pidloc=IDLOC -AEEDATA=0F00000h-0F000FFh \
  -peeprom_data=EEDATA \
  -prdata=COMRAM,nvrram=COMRAM,nvbit=COMRAM,rbss=COMRAM,rbit=COMRAM \
  -pfarbss=FARRAM,fardata=FARRAM \
  -pintsave_regs=BIGRAM,bigbss=BIGRAM,bigdata=BIGRAM -pbss=RAM \
  -pidata=CODE,irdata=CODE,ibigdata=CODE,ifardata=CODE /tmp/cgt1ZhuWk.obj \
  dist/default/debug/LC_Meter.X.debug.obj 

Object code version is 3.10

Machine type is 18F2550

Call graph: (short form)




                Name                               Link     Load   Length Selector   Space Scale
/tmp/cgt1ZhuWk.obj
                end_init                             18       18        4        4       0
                reset_vec                             0        0        6        0       0
                idloc                            200000   200000        8   200000       0
                config                           300000   300000        E   300000       0
dist/default/debug/LC_Meter.X.debug.obj
                intcode                               8        8       10        4       0
                smallconst                          800      800       70      400       0
                text18                             1902     1902       EE      438       0
                text17                             1BE2     1BE2       6E      438       0
                text16                             17E4     17E4      11E      438       0
                text15                             16AE     16AE      136      438       0
                intcode_body                       155E     155E      150      438       0
                text13                             1C50     1C50       68      438       0
                text12                             13D2     13D2      18C      438       0
                text11                             1AA2     1AA2       A8      438       0
                text10                             103E     103E      1F6      438       0
                text9                              1DD8     1DD8       30      438       0
                text8                              1DA8     1DA8       30      438       0
                text7                              19F0     19F0       B2      438       0
                text6                               870      870      7CE      438       0
                text5                              1E24     1E24       1C      438       0
                text4                              1E08     1E08       1C      438       0
                text3                              1234     1234      19E      438       0
                text2                              1B4A     1B4A       98      438       0
                text1                              1CB8     1CB8       60      438       0
                text0                              1D18     1D18       4E      438       0
                cstackCOMRAM                          1        1       35        1       1
                cstackBANK0                          60       60       30       60       1
                bssBANK0                             90       90        E       60       1
                dataCOMRAM                           43       43        A        1       1
                bssCOMRAM                            36       36        D        1       1
                cinit                              1D66     1D66       42      438       0
                nvBANK0                              9E       9E        1       60       1
                idataCOMRAM                        1E40     1E40        A      438       0

TOTAL           Name                               Link     Load   Length     Space
        CLASS   CODE           
                end_init                             18       18        4         0
                intcode                               8        8       10         0
                reset_vec                             0        0        6         0
                text18                             1902     1902       EE         0
                text17                             1BE2     1BE2       6E         0
                text16                             17E4     17E4      11E         0
                text15                             16AE     16AE      136         0
                intcode_body                       155E     155E      150         0
                text13                             1C50     1C50       68         0
                text12                             13D2     13D2      18C         0
                text11                             1AA2     1AA2       A8         0
                text10                             103E     103E      1F6         0
                text9                              1DD8     1DD8       30         0
                text8                              1DA8     1DA8       30         0
                text7                              19F0     19F0       B2         0
                text6                               870      870      7CE         0
                text5                              1E24     1E24       1C         0
                text4                              1E08     1E08       1C         0
                text3                              1234     1234      19E         0
                text2                              1B4A     1B4A       98         0
                text1                              1CB8     1CB8       60         0
                text0                              1D18     1D18       4E         0
                cinit                              1D66     1D66       42         0
                idataCOMRAM                        1E40     1E40        A         0

        CLASS   CONST          

        CLASS   SMALLCONST     
                smallconst                          800      800       70         0

        CLASS   MEDIUMCONST    

        CLASS   COMRAM         
                cstackCOMRAM                          1        1       35         1
                dataCOMRAM                           43       43        A         1
                bssCOMRAM                            36       36        D         1

        CLASS   ABS1           

        CLASS   BIGRAM         

        CLASS   RAM            

        CLASS   BANK0          
                cstackBANK0                          60       60       30         1
                bssBANK0                             90       90        E         1
                nvBANK0                              9E       9E        1         1

        CLASS   BANK1          

        CLASS   BANK2          

        CLASS   BANK3          

        CLASS   BANK4          

        CLASS   BANK5          

        CLASS   BANK6          

        CLASS   BANK7          

        CLASS   SFR            

        CLASS   FARRAM         

        CLASS   CONFIG         
                config                           300000   300000        E         0

        CLASS   IDLOC          
                idloc                            200000   200000        8         0

        CLASS   EEDATA         



SEGMENTS        Name                           Load    Length   Top    Selector   Space  Class

                reset_vec                      000000  000006  000006         0       0  CODE    
                cstackCOMRAM                   000001  00004C  00004D         1       1  COMRAM  
                intcode                        000008  000014  00001C         4       0  CODE    
                cstackBANK0                    000060  00003F  00009F        60       1  BANK0   
                smallconst                     000800  000070  000870       400       0  SMALLCON
                text6                          000870  0015DA  001E4A       438       0  CODE    
                idloc                          200000  000008  200008    200000       0  IDLOC   
                config                         300000  00000E  30000E    300000       0  CONFIG  


UNUSED ADDRESS RANGES

        Name                Unused          Largest block    Delta
        BANK0            00009F-0000FF               61
        BANK1            000100-0001FF              100
        BANK2            000200-0002FF              100
        BANK3            000300-0003F3               F4
        BANK4            000400-0004FF              100
        BANK5            000500-0005FF              100
        BANK6            000600-0006FF              100
        BANK7            000700-0007FF              100
        BIGRAM           00004D-00005F               13
                         00009F-0003F3              355
                         000400-0007FF              400
        CODE             000006-000007                2
                         00001C-0007FF              7E4
                         001E4A-007DBF             5F76
        COMRAM           00004D-00005F               13
        CONST            000006-000007                2
                         00001C-0007FF              7E4
                         001E4A-007DBF             5F76
        EEDATA           F00000-F000FF              100
        MEDIUMCONST      001E4A-007DBF             5F76
        RAM              00009F-0003F3              100
                         000400-0007FF              100
        SFR              000F60-000FFF               A0
        SMALLCONST       001E4A-007DBF              100

                                  Symbol Table

?___ftdiv                cstackBANK0  000071
?___ftpack               cstackBANK0  000060
?___lltoft               cstackBANK0  000068
?___wmul                 cstackBANK0  000060
?_init_disp              cstackBANK0  00006D
?_out_bit                cstackBANK0  000062
?_set_brightness         cstackBANK0  00006B
?_test_display           cstackBANK0  00006B
?_write                  cstackBANK0  000063
?_write_disp             cstackBANK0  00006B
?i2___ftdiv              cstackCOMRAM 000012
?i2___ftpack             cstackCOMRAM 000001
?i2___lltoft             cstackCOMRAM 000009
_Ccal                    bssCOMRAM    000036
_GIE                     (abs)        007F97
_INT0IE                  (abs)        007F94
_INT0IF                  (abs)        007F91
_INT1IE                  (abs)        007F83
_INT1IF                  (abs)        007F80
_INT2IE                  (abs)        007F84
_INT2IF                  (abs)        007F81
_INTEDG0                 (abs)        007F8E
_INTEDG1                 (abs)        007F8D
_INTEDG2                 (abs)        007F8C
_ISR                     intcode      000008
_LA0                     (abs)        007C48
_LA2                     (abs)        007C4A
_LA3                     (abs)        007C4B
_LA5                     (abs)        007C4D
_LB3                     (abs)        007C53
_PEIE                    (abs)        007F96
_T08BIT                  (abs)        007EAE
_T0CS                    (abs)        007EAD
_T1OSCEN                 (abs)        007E6B
_T1RD16                  (abs)        007E6F
_T1SYNC                  (abs)        007E6A
_T3CCP1                  (abs)        007D8B
_T3CCP2                  (abs)        007D8E
_T3NSYNC                 (abs)        007D8A
_T3RD16                  (abs)        007D8F
_TMR0                    (abs)        000FD6
_TMR0IE                  (abs)        007F95
_TMR0IF                  (abs)        007F92
_TMR0ON                  (abs)        007EAF
_TMR1                    (abs)        000FCE
_TMR1CS                  (abs)        007E69
_TMR1IE                  (abs)        007CE8
_TMR1IF                  (abs)        007CF0
_TMR1ON                  (abs)        007E68
_TMR3                    (abs)        000FB2
_TMR3CS                  (abs)        007D89
_TMR3IE                  (abs)        007D01
_TMR3IF                  (abs)        007D09
_TMR3ON                  (abs)        007D88
_TRISA0                  (abs)        007C90
_TRISA1                  (abs)        007C91
_TRISA2                  (abs)        007C92
_TRISA3                  (abs)        007C93
_TRISA4                  (abs)        007C94
_TRISA5                  (abs)        007C95
_TRISB0                  (abs)        007C98
_TRISB1                  (abs)        007C99
_TRISB2                  (abs)        007C9A
_TRISB3                  (abs)        007C9B
__CFG_BOR$ON             (abs)        000000
__CFG_FOSC$HS            (abs)        000000
__CFG_MCLRE$ON           (abs)        000000
__CFG_PBADEN$OFF         (abs)        000000
__CFG_PWRT$OFF           (abs)        000000
__CFG_WDT$ON             (abs)        000000
__HRAM                   (abs)        000000
__Habs1                  abs1         000000
__Hbank0                 bank0        000000
__Hbank1                 bank1        000000
__Hbank2                 bank2        000000
__Hbank3                 bank3        000000
__Hbank4                 bank4        000000
__Hbank5                 bank5        000000
__Hbank6                 bank6        000000
__Hbank7                 bank7        000000
__Hbigbss                bigbss       000000
__Hbigdata               bigdata      000000
__Hbigram                bigram       000000
__Hbss                   bss          000000
__HbssBANK0              bssBANK0     000000
__HbssCOMRAM             bssCOMRAM    000000
__Hcinit                 cinit        000000
__Hclrtext               clrtext      000000
__Hcomram                comram       000000
__Hconfig                config       30000E
__Hconst                 const        000000
__HcstackBANK0           cstackBANK0  000000
__HcstackCOMRAM          cstackCOMRAM 000000
__Hdata                  data         000000
__HdataCOMRAM            dataCOMRAM   000000
__Heeprom_data           eeprom_data  000000
__Hend_init              end_init     00001C
__Hfarbss                farbss       000000
__Hfardata               fardata      000000
__Hibigdata              ibigdata     000000
__Hidata                 idata        000000
__HidataCOMRAM           idataCOMRAM  000000
__Hidloc                 idloc        200008
__Hifardata              ifardata     000000
__Hinit                  init         000018
__Hintcode               intcode      000018
__Hintcode_body          intcode_body 000000
__Hintcodelo             intcodelo    000018
__Hintentry              intentry     000000
__Hintret                intret       000000
__Hintsave_regs          intsave_regs 000000
__Hirdata                irdata       000000
__Hmediumconst           mediumconst  000000
__HnvBANK0               nvBANK0      000000
__Hnvbit                 nvbit        000000
__Hnvrram                nvrram       000000
__Hparam                 rparam       000000
__Hpowerup               powerup      000018
__Hram                   ram          000000
__Hramtop                ramtop       000800
__Hrbit                  rbit         000000
__Hrbss                  rbss         000000
__Hrdata                 rdata        000000
__Hreset_vec             reset_vec    000006
__Hrparam                rparam       000000
__Hsfr                   sfr          000000
__Hsmallconst            smallconst   000870
__Hstruct                struct       000000
__Htemp                  temp         000000
__Htext                  text         000000
__Htext0                 text0        000000
__Htext1                 text1        000000
__Htext10                text10       000000
__Htext11                text11       000000
__Htext12                text12       000000
__Htext13                text13       000000
__Htext15                text15       000000
__Htext16                text16       000000
__Htext17                text17       000000
__Htext18                text18       000000
__Htext2                 text2        000000
__Htext3                 text3        000000
__Htext4                 text4        000000
__Htext5                 text5        000000
__Htext6                 text6        000000
__Htext7                 text7        000000
__Htext8                 text8        000000
__Htext9                 text9        000000
__LRAM                   (abs)        000001
__Labs1                  abs1         000000
__Lbank0                 bank0        000000
__Lbank1                 bank1        000000
__Lbank2                 bank2        000000
__Lbank3                 bank3        000000
__Lbank4                 bank4        000000
__Lbank5                 bank5        000000
__Lbank6                 bank6        000000
__Lbank7                 bank7        000000
__Lbigbss                bigbss       000000
__Lbigdata               bigdata      000000
__Lbigram                bigram       000000
__Lbss                   bss          000000
__LbssBANK0              bssBANK0     000000
__LbssCOMRAM             bssCOMRAM    000000
__Lcinit                 cinit        000000
__Lclrtext               clrtext      000000
__Lcomram                comram       000000
__Lconfig                config       300000
__Lconst                 const        000000
__LcstackBANK0           cstackBANK0  000000
__LcstackCOMRAM          cstackCOMRAM 000000
__Ldata                  data         000000
__LdataCOMRAM            dataCOMRAM   000000
__Leeprom_data           eeprom_data  000000
__Lend_init              end_init     000018
__Lfarbss                farbss       000000
__Lfardata               fardata      000000
__Libigdata              ibigdata     000000
__Lidata                 idata        000000
__LidataCOMRAM           idataCOMRAM  000000
__Lidloc                 idloc        200000
__Lifardata              ifardata     000000
__Linit                  init         000018
__Lintcode               intcode      000008
__Lintcode_body          intcode_body 000000
__Lintcodelo             intcodelo    000018
__Lintentry              intentry     000000
__Lintret                intret       000000
__Lintsave_regs          intsave_regs 000000
__Lirdata                irdata       000000
__Lmediumconst           mediumconst  000000
__LnvBANK0               nvBANK0      000000
__Lnvbit                 nvbit        000000
__Lnvrram                nvrram       000000
__Lparam                 rparam       000000
__Lpowerup               powerup      000018
__Lram                   ram          000000
__Lramtop                ramtop       000800
__Lrbit                  rbit         000000
__Lrbss                  rbss         000000
__Lrdata                 rdata        000000
__Lreset_vec             reset_vec    000000
__Lrparam                rparam       000000
__Lsfr                   sfr          000000
__Lsmallconst            smallconst   000800
__Lstruct                struct       000000
__Ltemp                  temp         000000
__Ltext                  text         000000
__Ltext0                 text0        000000
__Ltext1                 text1        000000
__Ltext10                text10       000000
__Ltext11                text11       000000
__Ltext12                text12       000000
__Ltext13                text13       000000
__Ltext15                text15       000000
__Ltext16                text16       000000
__Ltext17                text17       000000
__Ltext18                text18       000000
__Ltext2                 text2        000000
__Ltext3                 text3        000000
__Ltext4                 text4        000000
__Ltext5                 text5        000000
__Ltext6                 text6        000000
__Ltext7                 text7        000000
__Ltext8                 text8        000000
__Ltext9                 text9        000000
__S0                     (abs)        30000E
__S1                     (abs)        00009F
___ftdiv                 text10       00103E
___ftdiv@cntr            cstackBANK0  00007C
___ftdiv@exp             cstackBANK0  000080
___ftdiv@f1              cstackBANK0  000071
___ftdiv@f2              cstackBANK0  000074
___ftdiv@f3              cstackBANK0  00007D
___ftdiv@sign            cstackBANK0  000081
___ftpack                text12       0013D2
___ftpack@arg            cstackBANK0  000060
___ftpack@exp            cstackBANK0  000063
___ftpack@sign           cstackBANK0  000064
___lltoft                text11       001AA2
___lltoft@c              cstackBANK0  000068
___lltoft@exp            cstackBANK0  000070
___wmul                  text13       001C50
___wmul@multiplicand     cstackBANK0  000062
___wmul@multiplier       cstackBANK0  000060
___wmul@product          cstackBANK0  000064
__accesstop              (abs)        000060
__activetblptr           (abs)        000002
__end_of_ISR             intcode_body 0016AE
__end_of___ftdiv         text10       001234
__end_of___ftpack        text12       00155E
__end_of___lltoft        text11       001B4A
__end_of___wmul          text13       001CB8
__end_of__initialization cinit        001D9E
__end_of__stringdata     smallconst   00086F
__end_of_calibrate       text3        0013D2
__end_of_config          text1        001D18
__end_of_init_disp       text2        001BE2
__end_of_lcd_font        smallconst   00082B
__end_of_main            text0        001D66
__end_of_out_bit         text8        001DD8
__end_of_pause           text9        001E08
__end_of_set_brightness  text4        001E24
__end_of_test_display    text5        001E40
__end_of_write           text7        001AA2
__end_of_write_disp      text6        00103E
__end_ofexp@coeff        smallconst   000849
__end_ofi2___ftdiv       text16       001902
__end_ofi2___ftpack      text18       0019F0
__end_ofi2___lltoft      text17       001C50
__end_ofi2_calibrate     text15       0017E4
__end_oflog@coeff        smallconst   000864
__initialization         cinit        001D66
__mediumconst            mediumconst  000000
__pbssBANK0              bssBANK0     000090
__pbssCOMRAM             bssCOMRAM    000036
__pcinit                 cinit        001D66
__pcstackBANK0           cstackBANK0  000060
__pcstackCOMRAM          cstackCOMRAM 000001
__pdataCOMRAM            dataCOMRAM   000043
__pidataCOMRAM           idataCOMRAM  001E40
__pintcode               intcode      000008
__pintcode_body          intcode_body 00155E
__pnvBANK0               nvBANK0      00009E
__psmallconst            smallconst   000800
__ptext0                 text0        001D18
__ptext1                 text1        001CB8
__ptext10                text10       00103E
__ptext11                text11       001AA2
__ptext12                text12       0013D2
__ptext13                text13       001C50
__ptext15                text15       0016AE
__ptext16                text16       0017E4
__ptext17                text17       001BE2
__ptext18                text18       001902
__ptext2                 text2        001B4A
__ptext3                 text3        001234
__ptext4                 text4        001E08
__ptext5                 text5        001E24
__ptext6                 text6        000870
__ptext7                 text7        0019F0
__ptext8                 text8        001DA8
__ptext9                 text9        001DD8
__ramtop                 ramtop       000800
__size_of_ISR            (abs)        000000
__size_of___ftdiv        (abs)        000000
__size_of___ftpack       (abs)        000000
__size_of___lltoft       (abs)        000000
__size_of___wmul         (abs)        000000
__size_of_calibrate      (abs)        000000
__size_of_config         (abs)        000000
__size_of_init_disp      (abs)        000000
__size_of_main           (abs)        000000
__size_of_out_bit        (abs)        000000
__size_of_pause          (abs)        000000
__size_of_set_brightness (abs)        000000
__size_of_test_display   (abs)        000000
__size_of_write          (abs)        000000
__size_of_write_disp     (abs)        000000
__size_ofi2___ftdiv      (abs)        000000
__size_ofi2___ftpack     (abs)        000000
__size_ofi2___lltoft     (abs)        000000
__size_ofi2_calibrate    (abs)        000000
__smallconst             smallconst   000800
__stringdata             smallconst   000864
_cal_overflow            bssCOMRAM    00003C
_calibrate               text3        001234
_config                  text1        001CB8
_d                       nvBANK0      00009E
_errno                   bssCOMRAM    00003E
_freq1                   bssCOMRAM    000039
_freq2                   bssBANK0     000098
_idle_overflow           bssCOMRAM    000040
_init_disp               text2        001B4A
_lcd_font                smallconst   000800
_main                    text0        001D18
_nRBPU                   (abs)        007F8F
_out_bit                 text8        001DA8
_pause                   text9        001DD8
_running                 bssBANK0     00009D
_sampling                bssCOMRAM    000042
_set_brightness          text4        001E08
_test_display            text5        001E24
_tick_overflow           bssBANK0     00009B
_write                   text7        0019F0
_write_disp              text6        000870
end_of_initialization    cinit        001D9E
i2___ftdiv               text16       0017E4
i2___ftdiv@cntr          cstackCOMRAM 00001D
i2___ftdiv@exp           cstackCOMRAM 000021
i2___ftdiv@f1            cstackCOMRAM 000012
i2___ftdiv@f2            cstackCOMRAM 000015
i2___ftdiv@f3            cstackCOMRAM 00001E
i2___ftdiv@sign          cstackCOMRAM 000022
i2___ftpack              text18       001902
i2___ftpack@arg          cstackCOMRAM 000001
i2___ftpack@exp          cstackCOMRAM 000004
i2___ftpack@sign         cstackCOMRAM 000005
i2___lltoft              text17       001BE2
i2___lltoft@c            cstackCOMRAM 000009
i2___lltoft@exp          cstackCOMRAM 000011
i2_calibrate             text15       0016AE
init_disp@digits         cstackBANK0  00006D
int_func                 intcode_body 00155E
intlevel0                text         000000
intlevel1                text         000000
intlevel2                text         000000
intlevel3                text         000000
out_bit@b                cstackBANK0  000062
pause@i                  cstackBANK0  000060
set_brightness@bright    cstackBANK0  00006B
start                    init         000018
start_initialization     cinit        001D66
test_display@test        cstackBANK0  00006B
write@address            cstackBANK0  000063
write@data               cstackBANK0  000064
write@i                  cstackBANK0  00006A
write@out                cstackBANK0  000068
write_disp@F4988         bssBANK0     000090
write_disp@buf           cstackBANK0  00007D
write_disp@chars         cstackBANK0  00006B
write_disp@i             cstackBANK0  000089
write_disp@j             cstackBANK0  000087
write_disp@offset        cstackBANK0  000088
write_disp@seg           cstackBANK0  000085
write_disp_num@F4976     dataCOMRAM   000043


FUNCTION INFORMATION:

 *************** function _main *****************
 Defined at:
		line 147 in file "lc_meter.c"
 Parameters:    Size  Location     Type
  argc            2   42[BANK0 ] int 
  argv            3   44[BANK0 ] PTR PTR unsigned char 
 Auto vars:     Size  Location     Type
		None
 Return value:  Size  Location     Type
                  2   42[BANK0 ] int 
 Registers used:
		wreg, fsr0l, fsr0h, fsr1l, fsr1h, fsr2l, fsr2h, status,2, status,0, pclat, tosl, structret, tblptrl, tblptrh, tblptru, prodl, prodh, bsr, cstack
 Tracked objects:
		On entry : 
		On exit  : 
		Unchanged: 
 Data sizes:     COMRAM   BANK0   BANK1   BANK2   BANK3   BANK4   BANK5   BANK6   BANK7
      Params:         0       5       0       0       0       0       0       0       0
      Locals:         0       0       0       0       0       0       0       0       0
      Temps:          0       1       0       0       0       0       0       0       0
      Totals:         0       6       0       0       0       0       0       0       0
Total ram usage:        6 bytes
 Hardware stack levels required when called:   10
 This function calls:
		_config
		_calibrate
		_set_brightness
		_test_display
		_write_disp
 This function is called by:
		Startup code after reset
 This function uses a non-reentrant model


 *************** function _config *****************
 Defined at:
		line 78 in file "lc_meter.c"
 Parameters:    Size  Location     Type
		None
 Auto vars:     Size  Location     Type
		None
 Return value:  Size  Location     Type
		None               void
 Registers used:
		wreg, fsr0l, fsr0h, fsr1l, fsr1h, fsr2l, fsr2h, status,2, status,0, pclat, tosl, structret, tblptrl, tblptrh, tblptru, prodl, prodh, bsr, cstack
 Tracked objects:
		On entry : 
		On exit  : 
		Unchanged: 
 Data sizes:     COMRAM   BANK0   BANK1   BANK2   BANK3   BANK4   BANK5   BANK6   BANK7
      Params:         0       0       0       0       0       0       0       0       0
      Locals:         0       0       0       0       0       0       0       0       0
      Temps:          0       0       0       0       0       0       0       0       0
      Totals:         0       0       0       0       0       0       0       0       0
Total ram usage:        0 bytes
 Hardware stack levels used:    1
 Hardware stack levels required when called:    9
 This function calls:
		_init_disp
 This function is called by:
		_main
 This function uses a non-reentrant model


 *************** function _init_disp *****************
 Defined at:
		line 29 in file "LED_disp.c"
 Parameters:    Size  Location     Type
  digits          2   13[BANK0 ] short 
 Auto vars:     Size  Location     Type
		None
 Return value:  Size  Location     Type
		None               void
 Registers used:
		wreg, fsr0l, fsr0h, fsr1l, fsr1h, fsr2l, fsr2h, status,2, status,0, pclat, tosl, structret, tblptrl, tblptrh, tblptru, prodl, prodh, bsr, cstack
 Tracked objects:
		On entry : 
		On exit  : 
		Unchanged: 
 Data sizes:     COMRAM   BANK0   BANK1   BANK2   BANK3   BANK4   BANK5   BANK6   BANK7
      Params:         0       2       0       0       0       0       0       0       0
      Locals:         0       0       0       0       0       0       0       0       0
      Temps:          0       2       0       0       0       0       0       0       0
      Totals:         0       4       0       0       0       0       0       0       0
Total ram usage:        4 bytes
 Hardware stack levels used:    1
 Hardware stack levels required when called:    8
 This function calls:
		_write
		_test_display
 This function is called by:
		_config
 This function uses a non-reentrant model


 *************** function _calibrate *****************
 Defined at:
		line 201 in file "lc_meter.c"
 Parameters:    Size  Location     Type
		None
 Auto vars:     Size  Location     Type
		None
 Return value:  Size  Location     Type
		None               void
 Registers used:
		wreg, status,2, status,0, cstack
 Tracked objects:
		On entry : 
		On exit  : 
		Unchanged: 
 Data sizes:     COMRAM   BANK0   BANK1   BANK2   BANK3   BANK4   BANK5   BANK6   BANK7
      Params:         0       0       0       0       0       0       0       0       0
      Locals:         0       0       0       0       0       0       0       0       0
      Temps:          0       4       0       0       0       0       0       0       0
      Totals:         0       4       0       0       0       0       0       0       0
Total ram usage:        4 bytes
 Hardware stack levels used:    1
 Hardware stack levels required when called:    6
 This function calls:
		___lltoft
		___ftdiv
 This function is called by:
		_main
 This function uses a non-reentrant model


 *************** function _set_brightness *****************
 Defined at:
		line 65 in file "LED_disp.c"
 Parameters:    Size  Location     Type
  bright          1   11[BANK0 ] unsigned char 
 Auto vars:     Size  Location     Type
		None
 Return value:  Size  Location     Type
		None               void
 Registers used:
		wreg, fsr0l, fsr0h, fsr1l, fsr1h, fsr2l, fsr2h, status,2, status,0, pclat, tosl, structret, tblptrl, tblptrh, tblptru, prodl, prodh, bsr, cstack
 Tracked objects:
		On entry : 
		On exit  : 
		Unchanged: 
 Data sizes:     COMRAM   BANK0   BANK1   BANK2   BANK3   BANK4   BANK5   BANK6   BANK7
      Params:         0       1       0       0       0       0       0       0       0
      Locals:         0       0       0       0       0       0       0       0       0
      Temps:          0       1       0       0       0       0       0       0       0
      Totals:         0       2       0       0       0       0       0       0       0
Total ram usage:        2 bytes
 Hardware stack levels used:    1
 Hardware stack levels required when called:    7
 This function calls:
		_write
 This function is called by:
		_main
 This function uses a non-reentrant model


 *************** function _test_display *****************
 Defined at:
		line 60 in file "LED_disp.c"
 Parameters:    Size  Location     Type
  test            1   11[BANK0 ] unsigned char 
 Auto vars:     Size  Location     Type
		None
 Return value:  Size  Location     Type
		None               void
 Registers used:
		wreg, fsr0l, fsr0h, fsr1l, fsr1h, fsr2l, fsr2h, status,2, status,0, pclat, tosl, structret, tblptrl, tblptrh, tblptru, prodl, prodh, bsr, cstack
 Tracked objects:
		On entry : 
		On exit  : 
		Unchanged: 
 Data sizes:     COMRAM   BANK0   BANK1   BANK2   BANK3   BANK4   BANK5   BANK6   BANK7
      Params:         0       1       0       0       0       0       0       0       0
      Locals:         0       0       0       0       0       0       0       0       0
      Temps:          0       1       0       0       0       0       0       0       0
      Totals:         0       2       0       0       0       0       0       0       0
Total ram usage:        2 bytes
 Hardware stack levels used:    1
 Hardware stack levels required when called:    7
 This function calls:
		_write
 This function is called by:
		_main
		_init_disp
 This function uses a non-reentrant model


 *************** function _write_disp *****************
 Defined at:
		line 116 in file "LED_disp.c"
 Parameters:    Size  Location     Type
  chars           2   11[BANK0 ] PTR unsigned char 
		 -> write_disp_num@buffer(10), STR_1(11), 
 Auto vars:     Size  Location     Type
  seg             2   37[BANK0 ] unsigned int 
  buf             8   29[BANK0 ] unsigned char [8]
  i               1   41[BANK0 ] char 
  offset          1   40[BANK0 ] char 
  j               1   39[BANK0 ] char 
 Return value:  Size  Location     Type
		None               void
 Registers used:
		wreg, fsr0l, fsr0h, fsr1l, fsr1h, fsr2l, fsr2h, status,2, status,0, pclat, tosl, structret, tblptrl, tblptrh, tblptru, prodl, prodh, bsr, cstack
 Tracked objects:
		On entry : 
		On exit  : 
		Unchanged: 
 Data sizes:     COMRAM   BANK0   BANK1   BANK2   BANK3   BANK4   BANK5   BANK6   BANK7
      Params:         0       2       0       0       0       0       0       0       0
      Locals:         0      13       0       0       0       0       0       0       0
      Temps:          0      16       0       0       0       0       0       0       0
      Totals:         0      31       0       0       0       0       0       0       0
Total ram usage:       31 bytes
 Hardware stack levels used:    1
 Hardware stack levels required when called:    7
 This function calls:
		___wmul
		_write
 This function is called by:
		_main
		_write_disp_num
 This function uses a non-reentrant model


 *************** function _write *****************
 Defined at:
		line 182 in file "LED_disp.c"
 Parameters:    Size  Location     Type
  address         1    3[BANK0 ] unsigned char 
  data            1    4[BANK0 ] unsigned char 
 Auto vars:     Size  Location     Type
  out             2    8[BANK0 ] unsigned int 
  i               1   10[BANK0 ] char 
 Return value:  Size  Location     Type
		None               void
 Registers used:
		wreg, status,2, status,0, cstack
 Tracked objects:
		On entry : 
		On exit  : 
		Unchanged: 
 Data sizes:     COMRAM   BANK0   BANK1   BANK2   BANK3   BANK4   BANK5   BANK6   BANK7
      Params:         0       2       0       0       0       0       0       0       0
      Locals:         0       3       0       0       0       0       0       0       0
      Temps:          0       3       0       0       0       0       0       0       0
      Totals:         0       8       0       0       0       0       0       0       0
Total ram usage:        8 bytes
 Hardware stack levels used:    1
 Hardware stack levels required when called:    6
 This function calls:
		_pause
		_out_bit
 This function is called by:
		_init_disp
		_test_display
		_set_brightness
		_write_disp
 This function uses a non-reentrant model


 *************** function _out_bit *****************
 Defined at:
		line 166 in file "LED_disp.c"
 Parameters:    Size  Location     Type
  b               1    2[BANK0 ] unsigned char 
 Auto vars:     Size  Location     Type
		None
 Return value:  Size  Location     Type
		None               void
 Registers used:
		wreg, status,2, status,0, cstack
 Tracked objects:
		On entry : 
		On exit  : 
		Unchanged: 
 Data sizes:     COMRAM   BANK0   BANK1   BANK2   BANK3   BANK4   BANK5   BANK6   BANK7
      Params:         0       1       0       0       0       0       0       0       0
      Locals:         0       0       0       0       0       0       0       0       0
      Temps:          0       0       0       0       0       0       0       0       0
      Totals:         0       1       0       0       0       0       0       0       0
Total ram usage:        1 bytes
 Hardware stack levels used:    1
 Hardware stack levels required when called:    5
 This function calls:
		_pause
 This function is called by:
		_write
 This function uses a non-reentrant model


 *************** function _pause *****************
 Defined at:
		line 22 in file "LED_disp.c"
 Parameters:    Size  Location     Type
		None
 Auto vars:     Size  Location     Type
  i               2    0[BANK0 ] unsigned int 
 Return value:  Size  Location     Type
		None               void
 Registers used:
		wreg, status,2, status,0
 Tracked objects:
		On entry : 
		On exit  : 
		Unchanged: 
 Data sizes:     COMRAM   BANK0   BANK1   BANK2   BANK3   BANK4   BANK5   BANK6   BANK7
      Params:         0       0       0       0       0       0       0       0       0
      Locals:         0       2       0       0       0       0       0       0       0
      Temps:          0       0       0       0       0       0       0       0       0
      Totals:         0       2       0       0       0       0       0       0       0
Total ram usage:        2 bytes
 Hardware stack levels used:    1
 Hardware stack levels required when called:    4
 This function calls:
		Nothing
 This function is called by:
		_out_bit
		_write
 This function uses a non-reentrant model


 *************** function ___ftdiv *****************
 Defined at:
		line 50 in file "/opt/microchip/xc8/v1.12/sources/ftdiv.c"
 Parameters:    Size  Location     Type
  f1              3   17[BANK0 ] float 
  f2              3   20[BANK0 ] float 
 Auto vars:     Size  Location     Type
  f3              3   29[BANK0 ] float 
  sign            1   33[BANK0 ] unsigned char 
  exp             1   32[BANK0 ] unsigned char 
  cntr            1   28[BANK0 ] unsigned char 
 Return value:  Size  Location     Type
                  3   17[BANK0 ] float 
 Registers used:
		wreg, status,2, status,0, cstack
 Tracked objects:
		On entry : 
		On exit  : 
		Unchanged: 
 Data sizes:     COMRAM   BANK0   BANK1   BANK2   BANK3   BANK4   BANK5   BANK6   BANK7
      Params:         0       6       0       0       0       0       0       0       0
      Locals:         0       6       0       0       0       0       0       0       0
      Temps:          0       5       0       0       0       0       0       0       0
      Totals:         0      17       0       0       0       0       0       0       0
Total ram usage:       17 bytes
 Hardware stack levels used:    1
 Hardware stack levels required when called:    5
 This function calls:
		___ftpack
 This function is called by:
		_calibrate
		_write_disp_num
 This function uses a non-reentrant model


 *************** function ___lltoft *****************
 Defined at:
		line 36 in file "/opt/microchip/xc8/v1.12/sources/lltoft.c"
 Parameters:    Size  Location     Type
  c               4    8[BANK0 ] unsigned long 
 Auto vars:     Size  Location     Type
  exp             1   16[BANK0 ] unsigned char 
 Return value:  Size  Location     Type
                  3    8[BANK0 ] float 
 Registers used:
		wreg, status,2, status,0, cstack
 Tracked objects:
		On entry : 
		On exit  : 
		Unchanged: 
 Data sizes:     COMRAM   BANK0   BANK1   BANK2   BANK3   BANK4   BANK5   BANK6   BANK7
      Params:         0       4       0       0       0       0       0       0       0
      Locals:         0       1       0       0       0       0       0       0       0
      Temps:          0       4       0       0       0       0       0       0       0
      Totals:         0       9       0       0       0       0       0       0       0
Total ram usage:        9 bytes
 Hardware stack levels used:    1
 Hardware stack levels required when called:    5
 This function calls:
		___ftpack
 This function is called by:
		_calibrate
 This function uses a non-reentrant model


 *************** function ___ftpack *****************
 Defined at:
		line 63 in file "/opt/microchip/xc8/v1.12/sources/float.c"
 Parameters:    Size  Location     Type
  arg             3    0[BANK0 ] unsigned um
  exp             1    3[BANK0 ] unsigned char 
  sign            1    4[BANK0 ] unsigned char 
 Auto vars:     Size  Location     Type
		None
 Return value:  Size  Location     Type
                  3    0[BANK0 ] float 
 Registers used:
		wreg, status,2, status,0
 Tracked objects:
		On entry : 
		On exit  : 
		Unchanged: 
 Data sizes:     COMRAM   BANK0   BANK1   BANK2   BANK3   BANK4   BANK5   BANK6   BANK7
      Params:         0       5       0       0       0       0       0       0       0
      Locals:         0       0       0       0       0       0       0       0       0
      Temps:          0       3       0       0       0       0       0       0       0
      Totals:         0       8       0       0       0       0       0       0       0
Total ram usage:        8 bytes
 Hardware stack levels used:    1
 Hardware stack levels required when called:    4
 This function calls:
		Nothing
 This function is called by:
		___ftdiv
		___lltoft
 This function uses a non-reentrant model


 *************** function ___wmul *****************
 Defined at:
		line 3 in file "/opt/microchip/xc8/v1.12/sources/wmul.c"
 Parameters:    Size  Location     Type
  multiplier      2    0[BANK0 ] unsigned int 
  multiplicand    2    2[BANK0 ] unsigned int 
 Auto vars:     Size  Location     Type
  product         2    4[BANK0 ] unsigned int 
 Return value:  Size  Location     Type
                  2    0[BANK0 ] unsigned int 
 Registers used:
		wreg, status,2, status,0
 Tracked objects:
		On entry : 
		On exit  : 
		Unchanged: 
 Data sizes:     COMRAM   BANK0   BANK1   BANK2   BANK3   BANK4   BANK5   BANK6   BANK7
      Params:         0       4       0       0       0       0       0       0       0
      Locals:         0       2       0       0       0       0       0       0       0
      Temps:          0       0       0       0       0       0       0       0       0
      Totals:         0       6       0       0       0       0       0       0       0
Total ram usage:        6 bytes
 Hardware stack levels used:    1
 Hardware stack levels required when called:    4
 This function calls:
		Nothing
 This function is called by:
		_write_disp
 This function uses a non-reentrant model


 *************** function _ISR *****************
 Defined at:
		line 229 in file "lc_meter.c"
 Parameters:    Size  Location     Type
		None
 Auto vars:     Size  Location     Type
		None
 Return value:  Size  Location     Type
		None               void
 Registers used:
		wreg, status,2, status,0, cstack
 Tracked objects:
		On entry : 
		On exit  : 
		Unchanged: 
 Data sizes:     COMRAM   BANK0   BANK1   BANK2   BANK3   BANK4   BANK5   BANK6   BANK7
      Params:         0       0       0       0       0       0       0       0       0
      Locals:         0       0       0       0       0       0       0       0       0
      Temps:         15       0       0       0       0       0       0       0       0
      Totals:        15       0       0       0       0       0       0       0       0
Total ram usage:       15 bytes
 Hardware stack levels used:    1
 Hardware stack levels required when called:    3
 This function calls:
		i2_calibrate
 This function is called by:
		Interrupt level 2
 This function uses a non-reentrant model


 *************** function i2_calibrate *****************
 Defined at:
		line 201 in file "lc_meter.c"
 Parameters:    Size  Location     Type
		None
 Auto vars:     Size  Location     Type
		None
 Return value:  Size  Location     Type
		None               void
 Registers used:
		wreg, status,2, status,0, cstack
 Tracked objects:
		On entry : 
		On exit  : 
		Unchanged: 
 Data sizes:     COMRAM   BANK0   BANK1   BANK2   BANK3   BANK4   BANK5   BANK6   BANK7
      Params:         0       0       0       0       0       0       0       0       0
      Locals:         0       0       0       0       0       0       0       0       0
      Temps:          4       0       0       0       0       0       0       0       0
      Totals:         4       0       0       0       0       0       0       0       0
Total ram usage:        4 bytes
 Hardware stack levels used:    1
 Hardware stack levels required when called:    2
 This function calls:
		i2___lltoft
		i2___ftdiv
 This function is called by:
		_ISR
 This function uses a non-reentrant model


 *************** function i2___ftdiv *****************
 Defined at:
		line 50 in file "/opt/microchip/xc8/v1.12/sources/ftdiv.c"
 Parameters:    Size  Location     Type
  __ftdiv         3   17[COMRAM] float 
  __ftdiv         3   20[COMRAM] float 
 Auto vars:     Size  Location     Type
  __ftdiv         3   29[COMRAM] float 
  __ftdiv         1   33[COMRAM] unsigned char 
  __ftdiv         1   32[COMRAM] unsigned char 
  __ftdiv         1   28[COMRAM] unsigned char 
 Return value:  Size  Location     Type
                  3   17[COMRAM] float 
 Registers used:
		wreg, status,2, status,0, cstack
 Tracked objects:
		On entry : 
		On exit  : 
		Unchanged: 
 Data sizes:     COMRAM   BANK0   BANK1   BANK2   BANK3   BANK4   BANK5   BANK6   BANK7
      Params:         6       0       0       0       0       0       0       0       0
      Locals:         6       0       0       0       0       0       0       0       0
      Temps:          5       0       0       0       0       0       0       0       0
      Totals:        17       0       0       0       0       0       0       0       0
Total ram usage:       17 bytes
 Hardware stack levels used:    1
 Hardware stack levels required when called:    1
 This function calls:
		i2___ftpack
 This function is called by:
		i2_calibrate
 This function uses a non-reentrant model


 *************** function i2___lltoft *****************
 Defined at:
		line 36 in file "/opt/microchip/xc8/v1.12/sources/lltoft.c"
 Parameters:    Size  Location     Type
  __lltoft        4    8[COMRAM] unsigned long 
 Auto vars:     Size  Location     Type
  __lltoft        1   16[COMRAM] unsigned char 
 Return value:  Size  Location     Type
                  3    8[COMRAM] float 
 Registers used:
		wreg, status,2, status,0, cstack
 Tracked objects:
		On entry : 
		On exit  : 
		Unchanged: 
 Data sizes:     COMRAM   BANK0   BANK1   BANK2   BANK3   BANK4   BANK5   BANK6   BANK7
      Params:         4       0       0       0       0       0       0       0       0
      Locals:         1       0       0       0       0       0       0       0       0
      Temps:          4       0       0       0       0       0       0       0       0
      Totals:         9       0       0       0       0       0       0       0       0
Total ram usage:        9 bytes
 Hardware stack levels used:    1
 Hardware stack levels required when called:    1
 This function calls:
		i2___ftpack
 This function is called by:
		i2_calibrate
 This function uses a non-reentrant model


 *************** function i2___ftpack *****************
 Defined at:
		line 63 in file "/opt/microchip/xc8/v1.12/sources/float.c"
 Parameters:    Size  Location     Type
  __ftpack        3    0[COMRAM] unsigned um
  __ftpack        1    3[COMRAM] unsigned char 
  __ftpack        1    4[COMRAM] unsigned char 
 Auto vars:     Size  Location     Type
		None
 Return value:  Size  Location     Type
                  3    0[COMRAM] float 
 Registers used:
		wreg, status,2, status,0
 Tracked objects:
		On entry : 
		On exit  : 
		Unchanged: 
 Data sizes:     COMRAM   BANK0   BANK1   BANK2   BANK3   BANK4   BANK5   BANK6   BANK7
      Params:         5       0       0       0       0       0       0       0       0
      Locals:         0       0       0       0       0       0       0       0       0
      Temps:          3       0       0       0       0       0       0       0       0
      Totals:         8       0       0       0       0       0       0       0       0
Total ram usage:        8 bytes
 Hardware stack levels used:    1
 This function calls:
		Nothing
 This function is called by:
		i2___ftdiv
		i2___lltoft
 This function uses a non-reentrant model



MODULE INFORMATION

Module		Function		Class		Link	Load	Size
/opt/microchip/xc8/v1.12/sources/lltoft.c
		___lltoft      		CODE           	1AA2	0000	168

/opt/microchip/xc8/v1.12/sources/lltoft.c estimated size: 168

LED_disp.c
		_init_disp     		CODE           	1B4A	0000	152
		_write_disp    		CODE           	0870	0000	1998
		_set_brightness		CODE           	1E08	0000	28
		_test_display  		CODE           	1E24	0000	28
		_pause         		CODE           	1DD8	0000	48
		_write         		CODE           	19F0	0000	178
		_out_bit       		CODE           	1DA8	0000	48

LED_disp.c estimated size: 2480

/opt/microchip/xc8/v1.12/sources/ftdiv.c
		___ftdiv       		CODE           	103E	0000	502

/opt/microchip/xc8/v1.12/sources/ftdiv.c estimated size: 502

lc_meter.c
		_ISR           		CODE           	0008	0000	5798
		_main          		CODE           	1D18	0000	78
		_config        		CODE           	1CB8	0000	96
		_calibrate     		CODE           	1234	0000	414

lc_meter.c estimated size: 6386

shared
		exp@coeff      		SMALLCONST     	0000	0000	2121
		__stringdata   		SMALLCONST     	0864	0000	11
		i2___ftdiv     		CODE           	17E4	0000	286
		_lcd_font      		SMALLCONST     	0800	0000	43
		i2_calibrate   		CODE           	16AE	0000	310
		i2___ftpack    		CODE           	1902	0000	238
		__initializatio		CODE           	1D66	0000	56
		i2___lltoft    		CODE           	1BE2	0000	110
		log@coeff      		SMALLCONST     	0000	0000	2148

shared estimated size: 5323

/opt/microchip/xc8/v1.12/sources/wmul.c
		___wmul        		CODE           	1C50	0000	104

/opt/microchip/xc8/v1.12/sources/wmul.c estimated size: 104

/opt/microchip/xc8/v1.12/sources/float.c
		___ftpack      		CODE           	13D2	0000	396

/opt/microchip/xc8/v1.12/sources/float.c estimated size: 396

