Microchip MPLAB XC8 Compiler V1.12 ()

Linker command line:

-W1 --edf=/opt/microchip/xc8/v1.12/dat/en_msgs.txt -cs \
  -h+dist/default/production/Fish_Timer.X.production.sym -z -Q12F675 \
  -ol.obj -Mdist/default/production/Fish_Timer.X.production.map -E1 \
  -ver=XC8 -ACONST=00h-0FFhx3,0300h-03FEh -ACODE=00h-03FEh \
  -ASTRCODE=00h-03FEh -AENTRY=00h-0FFhx3,0300h-03FEh \
  -ASTRING=00h-0FFhx3,0300h-03FEh -ABANK0=020h-05Dh -ARAM=020h-05Dh \
  -AABS1=020h-05Fh -ACOMMON=05Eh-05Fh -ASFR0=00h-01Fh -ASFR1=080h-0DDh \
  -preset_vec=00h,intentry=04h,init,end_init -ppowerup=CODE -pfunctab=CODE \
  -ACONFIG=02007h-02007h -pconfig=CONFIG -DCONFIG=2 -AIDLOC=02000h-02003h \
  -pidloc=IDLOC -DIDLOC=2 -AEEDATA=00h-07Fh/02100h -peeprom_data=EEDATA \
  -DEEDATA=2 -posccal=03FFh -DCODE=2 -DSTRCODE=2 -DSTRING=2 -DCONST=2 \
  -DENTRY=2 -k /tmp/cgtUSJHW6.obj \
  dist/default/production/Fish_Timer.X.production.obj 

Object code version is 3.10

Machine type is 12F675



                Name                               Link     Load   Length Selector   Space Scale
/tmp/cgtUSJHW6.obj
                end_init                              F        F        5        8       0
                reset_vec                             0        0        1        0       0
                config                             2007     2007        1     400E       0
dist/default/production/Fish_Timer.X.production.obj
                intentry                              4        4        B        8       0
                text152                             108      108        2        8       0
                text151                              EC       EC        E        8       0
                text150                             105      105        3        8       0
                text149                             100      100        5        8       0
                text148                              C8       C8       24        8       0
                text147                              14       14       B4        8       0
                maintext                            10A      10A        1        8       0
                cstackBANK0                          20       20        C       20       1
                bssBANK0                             2C       2C        4       20       1
                cinit                                FA       FA        6        8       0

TOTAL           Name                               Link     Load   Length     Space
        CLASS   CONST          

        CLASS   CODE           
                end_init                              F        F        5         0
                intentry                              4        4        B         0
                reset_vec                             0        0        1         0
                text152                             108      108        2         0
                text151                              EC       EC        E         0
                text150                             105      105        3         0
                text149                             100      100        5         0
                text148                              C8       C8       24         0
                text147                              14       14       B4         0
                maintext                            10A      10A        1         0
                cinit                                FA       FA        6         0

        CLASS   STRCODE        

        CLASS   ENTRY          

        CLASS   STRING         

        CLASS   BANK0          
                cstackBANK0                          20       20        C         1
                bssBANK0                             2C       2C        4         1

        CLASS   RAM            

        CLASS   ABS1           
                abs_s1                               5E       5E        2         1

        CLASS   COMMON         

        CLASS   SFR0           

        CLASS   SFR1           

        CLASS   CONFIG         
                config                             2007     2007        1         0

        CLASS   IDLOC          

        CLASS   EEDATA         

        CLASS   BANK1          



SEGMENTS        Name                           Load    Length   Top    Selector   Space  Class     Delta

                reset_vec                      000000  000001  000001         0       0  CODE        2
                intentry                       000004  000107  00010B         8       0  CODE        2
                cstackBANK0                    000020  000010  000030        20       1  BANK0       1
                config                         002007  000001  002008      400E       0  CONFIG      2


UNUSED ADDRESS RANGES

        Name                Unused          Largest block    Delta
        BANK0            0030-005D             2E           1
        CODE             0001-0003              3           2
                         010B-03FE            2F4
        CONST            0001-0003              3           2
                         010B-03FE            100
        EEDATA           2100-217F             80           2
        ENTRY            0001-0003              3           2
                         010B-03FE            100
        IDLOC            2000-2003              4           2
        RAM              0030-005D             2E           1
        SFR0             0000-001F             20           1
        SFR1             0080-00DD             5E           1
        STRCODE          0001-0003              3           2
                         010B-03FE            2F4
        STRING           0001-0003              3           2
                         010B-03FE            100

                                  Symbol Table

ISR@tmp                  cstackBANK0  0026
_ANSEL                   (abs)        009F
_GIE                     (abs)        005F
_GPIO1                   (abs)        0029
_INTE                    (abs)        005C
_INTEDG                  (abs)        040E
_INTF                    (abs)        0059
_ISR                     text147      0014
_PEIE                    (abs)        005E
_PSA                     (abs)        040B
_T1CKPS0                 (abs)        0084
_T1CKPS1                 (abs)        0085
_TMR1                    (abs)        000E
_TMR1CS                  (abs)        0081
_TMR1GE                  (abs)        0086
_TMR1IE                  (abs)        0460
_TMR1IF                  (abs)        0060
_TMR1ON                  (abs)        0080
_TRISIO1                 (abs)        0429
_TRISIO2                 (abs)        042A
_WPU                     (abs)        0095
__CFG_BOREN$OFF          (abs)        0000
__CFG_CP$OFF             (abs)        0000
__CFG_CPD$OFF            (abs)        0000
__CFG_FOSC$INTRCIO       (abs)        0000
__CFG_MCLRE$OFF          (abs)        0000
__CFG_PWRTE$OFF          (abs)        0000
__CFG_WDTE$OFF           (abs)        0000
__Habs1                  abs1         07FE
__Hbank0                 bank0        07FE
__Hbank1                 bank1        07FE
__HbssBANK0              bssBANK0     07FE
__Hcinit                 cinit        07FE
__Hclrtext               clrtext      07FE
__Hcode                  code         07FE
__Hcommon                common       07FE
__Hconfig                config       2008
__HcstackBANK0           cstackBANK0  07FE
__HcstackCOMMON          cstackCOMMON 07FE
__Heeprom_data           eeprom_data  0000
__Hend_init              end_init     0014
__Hfunctab               functab      0000
__Hidloc                 idloc        0000
__Hinit                  init         000F
__Hintentry              intentry     000F
__Hmaintext              maintext     07FE
__Hosccal                osccal       03FF
__Hpowerup               powerup      0000
__Hram                   ram          07FE
__Hreset_vec             reset_vec    0001
__Hsfr0                  sfr0         07FE
__Hsfr1                  sfr1         07FE
__Hstrings               strings      07FE
__Htext                  text         07FE
__Labs1                  abs1         07FE
__Lbank0                 bank0        07FE
__Lbank1                 bank1        07FE
__LbssBANK0              bssBANK0     07FE
__Lcinit                 cinit        07FE
__Lclrtext               clrtext      07FE
__Lcode                  code         07FE
__Lcommon                common       07FE
__Lconfig                config       2007
__LcstackBANK0           cstackBANK0  07FE
__LcstackCOMMON          cstackCOMMON 07FE
__Leeprom_data           eeprom_data  0000
__Lend_init              end_init     000F
__Lfunctab               functab      0000
__Lidloc                 idloc        0000
__Linit                  init         000F
__Lintentry              intentry     0004
__Lmaintext              maintext     07FE
__Losccal                osccal       03FF
__Lpowerup               powerup      0000
__Lram                   ram          07FE
__Lreset_vec             reset_vec    0000
__Lsfr0                  sfr0         07FE
__Lsfr1                  sfr1         07FE
__Lstrings               strings      07FE
__Ltext                  text         07FE
__S0                     (abs)        2008
__S1                     (abs)        0030
__S2                     (abs)        0000
___osccal_val            osccal       03FF
__end_of_ISR             text147      00C8
__end_of__initialization cinit        00FE
__end_of_blink           text148      00EC
__end_of_idle_loop       text152      010A
__end_of_main            maintext     010B
__end_of_reset           text151      00FA
__end_of_start           text149      0105
__end_of_stop            text150      0108
__initialization         cinit        00FA
__pbssBANK0              bssBANK0     002C
__pcstackBANK0           cstackBANK0  0020
__pcstackCOMMON          cstackCOMMON 0000
__pintentry              intentry     0004
__pmaintext              maintext     010A
__ptext146               text146      0000
__ptext147               text147      0014
__ptext148               text148      00C8
__ptext149               text149      0100
__ptext150               text150      0105
__ptext151               text151      00EC
__ptext152               text152      0108
__ptext153               text153      0000
__size_of_ISR            (abs)        0000
__size_of_blink          (abs)        0000
__size_of_idle_loop      (abs)        0000
__size_of_main           (abs)        0000
__size_of_reset          (abs)        0000
__size_of_start          (abs)        0000
__size_of_stop           (abs)        0000
_blink                   text148      00C8
_count                   bssBANK0     002C
_idle_loop               text152      0108
_main                    maintext     010A
_nBOD                    (abs)        0470
_nBOR                    (abs)        0470
_nGPPU                   (abs)        040F
_nPOR                    (abs)        0471
_reset                   text151      00EC
_start                   text149      0100
_stop                    text150      0105
blink@tmp                cstackBANK0  0020
btemp                    (abs)        005E
end_of_initialization    cinit        00FE
interrupt_function       intentry     0004
intlevel0                functab      0000
intlevel1                functab      0000
intlevel2                functab      0000
intlevel3                functab      0000
intlevel4                functab      0000
intlevel5                functab      0000
reset_vec                reset_vec    0000
saved_w                  (abs)        005E
start                    init         000F
start_initialization     cinit        00FA
wtemp0                   (abs)        005E


FUNCTION INFORMATION:

 *************** function _main *****************
 Defined at:
		line 63 in file "main.c"
 Parameters:    Size  Location     Type
  argc            2    8[BANK0 ] int 
  argv            2   10[BANK0 ] PTR PTR unsigned char 
 Auto vars:     Size  Location     Type
		None
 Return value:  Size  Location     Type
                  2    8[BANK0 ] int 
 Registers used:
		None
 Tracked objects:
		On entry : 
		On exit  : 
		Unchanged: 
 Data sizes:     COMMON   BANK0
      Params:         0       4
      Locals:         0       0
      Temps:          0       0
      Totals:         0       4
Total ram usage:        4 bytes
 Hardware stack levels required when called:    3
 This function calls:
		Nothing
 This function is called by:
		Startup code after reset
 This function uses a non-reentrant model


 *************** function _ISR *****************
 Defined at:
		line 178 in file "main.c"
 Parameters:    Size  Location     Type
		None
 Auto vars:     Size  Location     Type
  tmp             2    6[BANK0 ] int 
 Return value:  Size  Location     Type
		None               void
 Registers used:
		wreg, status,2, status,0, btemp+1, pclath, cstack
 Tracked objects:
		On entry : 
		On exit  : 
		Unchanged: 
 Data sizes:     COMMON   BANK0
      Params:         0       0
      Locals:         0       2
      Temps:          0       4
      Totals:         0       6
Total ram usage:        6 bytes
 Hardware stack levels used:    1
 Hardware stack levels required when called:    2
 This function calls:
		_idle_loop
		_stop
		_reset
		_blink
		_start
 This function is called by:
		Interrupt level 1
 This function uses a non-reentrant model


 *************** function _blink *****************
 Defined at:
		line 140 in file "main.c"
 Parameters:    Size  Location     Type
		None
 Auto vars:     Size  Location     Type
  tmp             2    0[BANK0 ] int 
 Return value:  Size  Location     Type
		None               void
 Registers used:
		wreg, status,2, btemp+1
 Tracked objects:
		On entry : 
		On exit  : 
		Unchanged: 
 Data sizes:     COMMON   BANK0
      Params:         0       0
      Locals:         0       2
      Temps:          0       0
      Totals:         0       2
Total ram usage:        2 bytes
 Hardware stack levels used:    1
 This function calls:
		Nothing
 This function is called by:
		_ISR
 This function uses a non-reentrant model


 *************** function _start *****************
 Defined at:
		line 152 in file "main.c"
 Parameters:    Size  Location     Type
		None
 Auto vars:     Size  Location     Type
		None
 Return value:  Size  Location     Type
		None               void
 Registers used:
		wreg, status,2, status,0, pclath, cstack
 Tracked objects:
		On entry : 
		On exit  : 
		Unchanged: 
 Data sizes:     COMMON   BANK0
      Params:         0       0
      Locals:         0       0
      Temps:          0       0
      Totals:         0       0
Total ram usage:        0 bytes
 Hardware stack levels used:    1
 Hardware stack levels required when called:    1
 This function calls:
		_stop
		_reset
 This function is called by:
		_ISR
 This function uses a non-reentrant model


 *************** function _stop *****************
 Defined at:
		line 160 in file "main.c"
 Parameters:    Size  Location     Type
		None
 Auto vars:     Size  Location     Type
		None
 Return value:  Size  Location     Type
		None               void
 Registers used:
		None
 Tracked objects:
		On entry : 
		On exit  : 
		Unchanged: 
 Data sizes:     COMMON   BANK0
      Params:         0       0
      Locals:         0       0
      Temps:          0       0
      Totals:         0       0
Total ram usage:        0 bytes
 Hardware stack levels used:    1
 This function calls:
		Nothing
 This function is called by:
		_start
		_ISR
 This function uses a non-reentrant model


 *************** function _reset *****************
 Defined at:
		line 165 in file "main.c"
 Parameters:    Size  Location     Type
		None
 Auto vars:     Size  Location     Type
		None
 Return value:  Size  Location     Type
		None               void
 Registers used:
		wreg, status,2
 Tracked objects:
		On entry : 
		On exit  : 
		Unchanged: 
 Data sizes:     COMMON   BANK0
      Params:         0       0
      Locals:         0       0
      Temps:          0       0
      Totals:         0       0
Total ram usage:        0 bytes
 Hardware stack levels used:    1
 This function calls:
		Nothing
 This function is called by:
		_start
		_ISR
 This function uses a non-reentrant model


 *************** function _idle_loop *****************
 Defined at:
		line 173 in file "main.c"
 Parameters:    Size  Location     Type
		None
 Auto vars:     Size  Location     Type
		None
 Return value:  Size  Location     Type
		None               void
 Registers used:
		None
 Tracked objects:
		On entry : 
		On exit  : 
		Unchanged: 
 Data sizes:     COMMON   BANK0
      Params:         0       0
      Locals:         0       0
      Temps:          0       0
      Totals:         0       0
Total ram usage:        0 bytes
 Hardware stack levels used:    1
 This function calls:
		Nothing
 This function is called by:
		_ISR
 This function uses a non-reentrant model



MODULE INFORMATION

Module		Function		Class		Link	Load	Size
shared
		__initializatio		CODE           	00FA	0000	4

shared estimated size: 4

main.c
		_reset         		CODE           	00EC	0000	14
		_ISR           		CODE           	0014	0000	180
		_stop          		CODE           	0105	0000	3
		_main          		CODE           	010A	0000	1
		_idle_loop     		CODE           	0108	0000	2
		_start         		CODE           	0100	0000	5
		_blink         		CODE           	00C8	0000	36

main.c estimated size: 241

