HI-TECH Software C Compiler 

Linker command line:

--edf=/usr/hitech/picc/9.83/dat/en_msgs.txt -cs \
  -h+dist/default/debug/PIC12_test.X.debug.sym -z -Q12F675 -ol.obj \
  -Mdist/default/debug/PIC12_test.X.debug.map -E1 \
  -ACONST=00h-0FFhx3,0300h-03FEh -ACODE=00h-03FEh -ASTRCODE=00h-03FEh \
  -AENTRY=00h-0FFhx3,0300h-03FEh -ASTRING=00h-0FFhx3,0300h-03FEh \
  -ABANK0=020h-05Dh -ARAM=020h-05Dh -AABS1=020h-05Fh -ACOMMON=05Eh-05Fh \
  -ASFR0=00h-01Fh -ASFR1=080h-0DDh -preset_vec=00h,intentry,init,end_init \
  -ppowerup=CODE -pfunctab=CODE -ACONFIG=02007h-02007h -pconfig=CONFIG \
  -DCONFIG=2 -AIDLOC=02000h-02003h -pidloc=IDLOC -DIDLOC=2 \
  -AEEDATA=00h-07Fh/02100h -peeprom_data=EEDATA -DEEDATA=2 -posccal=03FFh \
  -DCODE=2 -DSTRCODE=2 -DSTRING=2 -DCONST=2 -DENTRY=2 -k /tmp/cgtEB1ziR.obj \
  dist/default/debug/PIC12_test.X.debug.obj 

Object code version is 3.10

Machine type is 12F675



                Name                               Link     Load   Length Selector   Space Scale
/tmp/cgtEB1ziR.obj
                end_init                              0        0        5        0       0
dist/default/debug/PIC12_test.X.debug.obj
                config                             2007     2007        1     400E       0
                cstackBANK0                          20       20        6       20       1
                cinit                               3D5      3D5        2      7AA       0
                maintext                            3D7      3D7       28      7AE       0

TOTAL           Name                               Link     Load   Length     Space
        CLASS   CONST          

        CLASS   CODE           
                end_init                              0        0        5         0
                cinit                               3D5      3D5        2         0
                maintext                            3D7      3D7       28         0

        CLASS   STRCODE        

        CLASS   ENTRY          

        CLASS   STRING         

        CLASS   BANK0          
                cstackBANK0                          20       20        6         1

        CLASS   RAM            

        CLASS   ABS1           
                abs_s1                               5E       5E        2         1

        CLASS   COMMON         

        CLASS   SFR0           

        CLASS   SFR1           

        CLASS   CONFIG         
                config                             2007     2007        1         0

        CLASS   IDLOC          

        CLASS   EEDATA         

        CLASS   BANK1          



SEGMENTS        Name                           Load    Length   Top    Selector   Space  Class     Delta

                reset_vec                      000000  000005  000005         0       0  CODE        2
                cstackBANK0                    000020  000006  000026        20       1  BANK0       1
                cinit                          0003D5  000002  0003D7       7AA       0  CODE        2
                maintext                       0003D7  000028  0003FF       7AE       0  CODE        2
                config                         002007  000001  002008      400E       0  CONFIG      2


UNUSED ADDRESS RANGES

        Name                Unused          Largest block    Delta
        BANK0            0026-005D             38           1
        CODE             0005-03D4            3D0           2
        CONST            0005-03D4            100           2
        EEDATA           2100-217F             80           2
        ENTRY            0005-03D4            100           2
        IDLOC            2000-2003              4           2
        RAM              0026-005D             38           1
        SFR0             0000-001F             20           1
        SFR1             0080-00DD             5E           1
        STRCODE          0005-03D4            3D0           2
        STRING           0005-03D4            100           2

                                  Symbol Table

??_main               cstackCOMMON 0000
?_main                cstackBANK0  0020
_CARRY                (abs)        0018
_EEADR                (abs)        009B
_EECON1               (abs)        009C
_EECON2               (abs)        009D
_EEDATA               (abs)        009A
_GIE                  (abs)        005F
_GPIO0                (abs)        0028
_GPIO2                (abs)        002A
_GPIO3                (abs)        002B
_GPIO4                (abs)        002C
_RD                   (abs)        04E0
_TRISIO               (abs)        0085
_WR                   (abs)        04E1
_WREN                 (abs)        04E2
__Habs1               abs1         07FE
__Hbank0              bank0        07FE
__Hbank1              bank1        07FE
__Hcinit              cinit        07FE
__Hclrtext            clrtext      07FE
__Hcode               code         07FE
__Hcommon             common       07FE
__Hconfig             config       2008
__HcstackBANK0        cstackBANK0  07FE
__HcstackCOMMON       cstackCOMMON 07FE
__Heeprom_data        eeprom_data  0000
__Hend_init           end_init     0005
__Hfunctab            functab      0000
__Hidloc              idloc        0000
__Hinit               init         0000
__Hintentry           intentry     0000
__Hmaintext           maintext     07FE
__Hosccal             osccal       03FF
__Hpowerup            powerup      0000
__Hram                ram          07FE
__Hreset_vec          reset_vec    0000
__Hsfr0               sfr0         07FE
__Hsfr1               sfr1         07FE
__Hstrings            strings      07FE
__Htext               text         07FE
__Labs1               abs1         07FE
__Lbank0              bank0        07FE
__Lbank1              bank1        07FE
__Lcinit              cinit        07FE
__Lclrtext            clrtext      07FE
__Lcode               code         07FE
__Lcommon             common       07FE
__Lconfig             config       2007
__LcstackBANK0        cstackBANK0  07FE
__LcstackCOMMON       cstackCOMMON 07FE
__Leeprom_data        eeprom_data  0000
__Lend_init           end_init     0000
__Lfunctab            functab      0000
__Lidloc              idloc        0000
__Linit               init         0000
__Lintentry           intentry     0000
__Lmaintext           maintext     07FE
__Losccal             osccal       03FF
__Lpowerup            powerup      0000
__Lram                ram          07FE
__Lreset_vec          reset_vec    0000
__Lsfr0               sfr0         07FE
__Lsfr1               sfr1         07FE
__Lstrings            strings      07FE
__Ltext               text         07FE
__S0                  (abs)        2008
__S1                  (abs)        0026
__S2                  (abs)        0000
___osccal_val         osccal       03FF
__end_of_main         maintext     03FF
__pcstackBANK0        cstackBANK0  0020
__pcstackCOMMON       cstackCOMMON 0000
__pmaintext           maintext     03D7
__size_of_main        (abs)        0000
_exit                 init         0000
_main                 maintext     03D7
btemp                 (abs)        005E
end_of_initialization cinit        03D5
intlevel0             functab      0000
intlevel1             functab      0000
intlevel2             functab      0000
intlevel3             functab      0000
intlevel4             functab      0000
intlevel5             functab      0000
main@argc             cstackBANK0  0020
main@argv             cstackBANK0  0022
main@i                cstackBANK0  0024
reset_vec             reset_vec    0000
start                 init         0000
start_initialization  cinit        03D5
wtemp0                (abs)        005E
